// Jest Snapshot v1, https://goo.gl/fbAQLP

exports[`Skeleton tests render Skeleton correctly 1`] = `
<DocumentFragment>
  .c0 {
  display: flex;
  flex-direction: column;
  background-color: #FFFFFF;
  border-radius: 0.25rem;
  padding: 1.25rem;
  box-shadow: rgba(0, 0, 0, 0.1) 0px 1px 3px 0px,rgba(0, 0, 0, 0.06) 0px 1px 2px 0px;
}

.c1 {
  display: flex;
  flex-direction: column;
  animation: jDLGYP 1.2s infinite linear;
}

.c2 {
  display: flex;
  flex-direction: column;
  background-color: #EEEEEE;
  border-radius: 0.375rem;
  height: 1.5625rem;
  width: 15%;
  margin-bottom: 0.625rem;
  margin-right: 0rem;
  margin-left: 0rem;
}

.c3 {
  display: flex;
  flex-direction: column;
  background-color: #EEEEEE;
  border-radius: 0.375rem;
  height: 0.0625rem;
  width: 100%;
  margin-bottom: 0.625rem;
  margin-right: 0rem;
  margin-left: 0rem;
}

.c4 {
  display: flex;
  flex-direction: column;
  background-color: #EEEEEE;
  border-radius: 0.375rem;
  height: 3.125rem;
  width: 100%;
  margin-bottom: 0rem;
  margin-right: 0rem;
  margin-left: 0rem;
}

<div
    class="c0"
    padding="20"
  >
    <div
      class="c1"
    >
      <div
        class="c2"
        height="25"
        marginbottom="10"
        marginleft="0"
        marginright="0"
        width="15%"
      />
      <div
        class="c3"
        height="1"
        marginbottom="10"
        marginleft="0"
        marginright="0"
        width="100%"
      />
      <div
        class="c4"
        height="50"
        marginbottom="0"
        marginleft="0"
        marginright="0"
        width="100%"
      />
    </div>
  </div>
</DocumentFragment>
`;
