// Jest Snapshot v1, https://goo.gl/fbAQLP

exports[`Environments Template tests render Environments correctly 1`] = `
<DocumentFragment>
  .c5 {
  font-size: 0.875rem;
  line-height: 1.375rem;
  font-weight: 400;
  margin-bottom: 1.25rem;
  font-family: 'Roboto',sans-serif;
  color: #000000;
}

.c9 {
  font-size: 0.875rem;
  line-height: 1.375rem;
  font-weight: 400;
  font-family: 'Roboto',sans-serif;
  color: #757575;
}

.c12 {
  font-size: 0.875rem;
  line-height: 1.375rem;
  font-weight: 400;
  font-weight: 400;
  font-family: 'Roboto',sans-serif;
  color: #000000;
}

.c18 {
  font-size: 0.875rem;
  line-height: 1.375rem;
  font-weight: 400;
  margin-right: 0.75rem;
  font-family: 'Roboto',sans-serif;
  color: #757575;
}

.c4 {
  font-size: 1.125rem;
  line-height: 1.625rem;
  font-weight: 500;
  margin-bottom: 0.25rem;
  font-family: 'Roboto',sans-serif;
  color: #000000;
}

.c14 {
  height: 1.5rem;
  width: 1.5rem;
  -webkit-flex-shrink: 0;
  -ms-flex-negative: 0;
  flex-shrink: 0;
}

.c15 {
  color: #000000;
  font-size: 1.5rem;
}

.c19 {
  border: none;
  height: 2.25rem;
  display: -webkit-box;
  display: -webkit-flex;
  display: -ms-flexbox;
  display: flex;
  -webkit-align-items: center;
  -webkit-box-align: center;
  -ms-flex-align: center;
  align-items: center;
  padding: 0 0.75rem;
  font-size: 0.875rem;
  font-weight: 500;
  cursor: pointer;
  border-radius: 4px;
  -webkit-text-decoration: none;
  text-decoration: none;
  -webkit-transition: background-color 0.1s ease-in-out,color 0.1s ease-in-out, border-color 0.1s ease-in-out;
  transition: background-color 0.1s ease-in-out,color 0.1s ease-in-out, border-color 0.1s ease-in-out;
  background-color: #000000;
  color: #FFFFFF;
  margin-left: auto;
  width: -webkit-fit-content;
  width: -moz-fit-content;
  width: fit-content;
}

.c19:hover:not(:active) {
  background-color: #333;
}

.c2 {
  display: -webkit-box;
  display: -webkit-flex;
  display: -ms-flexbox;
  display: flex;
  -webkit-flex-direction: column;
  -ms-flex-direction: column;
  flex-direction: column;
  box-shadow: rgba(0,0,0,0.1) 0px 1px 3px 0px,rgba(0,0,0,0.06) 0px 1px 2px 0px;
  background-color: #FFFFFF;
  border-radius: 0.375rem;
}

.c16 {
  height: 1px;
  border: none;
  background-color: #EEEEEE;
  width: 100%;
}

.c13 {
  border: none;
  display: -webkit-box;
  display: -webkit-flex;
  display: -ms-flexbox;
  display: flex;
  -webkit-align-items: center;
  -webkit-box-align: center;
  -ms-flex-align: center;
  align-items: center;
  -webkit-box-pack: center;
  -webkit-justify-content: center;
  -ms-flex-pack: center;
  justify-content: center;
  cursor: pointer;
  border-radius: 50%;
  -webkit-transition: background-color 0.1s ease-in-out,color 0.1s ease-in-out, border-color 0.1s ease-in-out;
  transition: background-color 0.1s ease-in-out,color 0.1s ease-in-out, border-color 0.1s ease-in-out;
  background-color: transparent;
  color: #000000;
  height: 2rem;
  width: 2rem;
}

.c13 .material-symbols-sharp {
  color: inherit;
}

.c13:hover {
  background-color: #EEEEEE;
}

.c13:active {
  background-color: #E2E2E2;
}

.c6 {
  background-color: #F6F6F6;
  padding: 1.25rem;
  border-radius: 4px;
}

.c7 {
  display: grid;
  grid-template-columns: repeat(3,1fr) auto;
  grid-gap: 1.25rem;
}

.c7:not(:last-child) {
  border-bottom: 1px solid #E2E2E2;
}

.c10 {
  min-width: 2.25rem;
  pointer-events: none;
}

.c8 {
  height: 2.8125rem;
  display: -webkit-box;
  display: -webkit-flex;
  display: -ms-flexbox;
  display: flex;
  -webkit-flex-direction: column;
  -ms-flex-direction: column;
  flex-direction: column;
  -webkit-box-pack: center;
  -webkit-justify-content: center;
  -ms-flex-pack: center;
  justify-content: center;
}

.c11 {
  display: -webkit-box;
  display: -webkit-flex;
  display: -ms-flexbox;
  display: flex;
  -webkit-align-items: center;
  -webkit-box-align: center;
  -ms-flex-align: center;
  align-items: center;
}

.c3 {
  display: -webkit-box;
  display: -webkit-flex;
  display: -ms-flexbox;
  display: flex;
  -webkit-flex-direction: column;
  -ms-flex-direction: column;
  flex-direction: column;
  padding: 1.25rem;
}

.c17 {
  display: -webkit-box;
  display: -webkit-flex;
  display: -ms-flexbox;
  display: flex;
  -webkit-align-items: center;
  -webkit-box-align: center;
  -ms-flex-align: center;
  align-items: center;
  padding: 1rem 1.25rem;
}

.c0 {
  display: -webkit-box;
  display: -webkit-flex;
  display: -ms-flexbox;
  display: flex;
  -webkit-flex-direction: column;
  -ms-flex-direction: column;
  flex-direction: column;
}

.c1 {
  display: -webkit-box;
  display: -webkit-flex;
  display: -ms-flexbox;
  display: flex;
  -webkit-flex-direction: column;
  -ms-flex-direction: column;
  flex-direction: column;
}

.c1:not(:last-child) {
  margin-bottom: 1.25rem;
}

<ul
    class="c0"
  >
    <ul
      class="c1"
    >
      <div
        class="c2"
        data-testid="card"
      >
        <div
          class="c3"
        >
          <h3
            class="c4"
            data-testid="setting-title"
          >
            Environments
          </h3>
          <p
            class="c5"
            data-testid="setting-title"
          >
            Create and edit environments for feature flags and their rules.
          </p>
          <div
            class="c6"
            data-testid="table"
          >
            <div
              class="c7"
              data-testid="header"
            >
              <div
                class="c8"
              >
                <p
                  class="c9"
                >
                  Environment
                </p>
              </div>
              <div
                class="c8"
              >
                <p
                  class="c9"
                >
                  Description
                </p>
              </div>
              <div
                class="c8"
              >
                <p
                  class="c9"
                >
                  Show toggle
                </p>
              </div>
              <div
                class="c10"
              />
            </div>
            <div
              class="c7"
              data-testid="row"
            >
              <div
                class="c8"
              >
                <div
                  class="c11"
                >
                  <p
                    class="c12"
                    font-weight="400"
                  >
                    development
                  </p>
                </div>
              </div>
              <div
                class="c8"
              >
                <div
                  class="c11"
                >
                  <p
                    class="c12"
                    font-weight="400"
                  >
                    Toggles for developers only
                  </p>
                </div>
              </div>
              <div
                class="c8"
              >
                <div
                  class="c11"
                >
                  <p
                    class="c12"
                    font-weight="400"
                  >
                    yes
                  </p>
                </div>
              </div>
              <div
                class="c8"
              >
                <button
                  class="c13"
                >
                  <div
                    class="c14"
                    data-testid="icon-container"
                    size="24"
                  >
                    <span
                      class="c15 material-symbols-sharp"
                      color="#000000"
                      data-testid="icon"
                      size="24"
                    >
                      more_horiz
                    </span>
                  </div>
                </button>
              </div>
            </div>
            <div
              class="c7"
              data-testid="row"
            >
              <div
                class="c8"
              >
                <div
                  class="c11"
                >
                  <p
                    class="c12"
                    font-weight="400"
                  >
                    staging
                  </p>
                </div>
              </div>
              <div
                class="c8"
              >
                <div
                  class="c11"
                >
                  <p
                    class="c12"
                    font-weight="400"
                  >
                    Toggles for Qaâ€™s
                  </p>
                </div>
              </div>
              <div
                class="c8"
              >
                <div
                  class="c11"
                >
                  <p
                    class="c12"
                    font-weight="400"
                  >
                    no
                  </p>
                </div>
              </div>
              <div
                class="c8"
              >
                <button
                  class="c13"
                >
                  <div
                    class="c14"
                    data-testid="icon-container"
                    size="24"
                  >
                    <span
                      class="c15 material-symbols-sharp"
                      color="#000000"
                      data-testid="icon"
                      size="24"
                    >
                      more_horiz
                    </span>
                  </div>
                </button>
              </div>
            </div>
            <div
              class="c7"
              data-testid="row"
            >
              <div
                class="c8"
              >
                <div
                  class="c11"
                >
                  <p
                    class="c12"
                    font-weight="400"
                  >
                    closeprod
                  </p>
                </div>
              </div>
              <div
                class="c8"
              >
                <div
                  class="c11"
                >
                  <p
                    class="c12"
                    font-weight="400"
                  >
                    -
                  </p>
                </div>
              </div>
              <div
                class="c8"
              >
                <div
                  class="c11"
                >
                  <p
                    class="c12"
                    font-weight="400"
                  >
                    no
                  </p>
                </div>
              </div>
              <div
                class="c8"
              >
                <button
                  class="c13"
                >
                  <div
                    class="c14"
                    data-testid="icon-container"
                    size="24"
                  >
                    <span
                      class="c15 material-symbols-sharp"
                      color="#000000"
                      data-testid="icon"
                      size="24"
                    >
                      more_horiz
                    </span>
                  </div>
                </button>
              </div>
            </div>
            <div
              class="c7"
              data-testid="row"
            >
              <div
                class="c8"
              >
                <div
                  class="c11"
                >
                  <p
                    class="c12"
                    font-weight="400"
                  >
                    production
                  </p>
                </div>
              </div>
              <div
                class="c8"
              >
                <div
                  class="c11"
                >
                  <p
                    class="c12"
                    font-weight="400"
                  >
                    Toggles for end users
                  </p>
                </div>
              </div>
              <div
                class="c8"
              >
                <div
                  class="c11"
                >
                  <p
                    class="c12"
                    font-weight="400"
                  >
                    yes
                  </p>
                </div>
              </div>
              <div
                class="c8"
              >
                <button
                  class="c13"
                >
                  <div
                    class="c14"
                    data-testid="icon-container"
                    size="24"
                  >
                    <span
                      class="c15 material-symbols-sharp"
                      color="#000000"
                      data-testid="icon"
                      size="24"
                    >
                      more_horiz
                    </span>
                  </div>
                </button>
              </div>
            </div>
          </div>
        </div>
        <hr
          class="c16"
          data-testid="horizontal-rule"
        />
        <div
          class="c17"
        >
          <p
            class="c18"
            data-testid="setting-title"
          />
          <button
            class="c19"
          >
            Create New Environment
          </button>
        </div>
      </div>
    </ul>
  </ul>
</DocumentFragment>
`;
