// Jest Snapshot v1, https://goo.gl/fbAQLP

exports[`Environments General tests render General correctly 1`] = `
<DocumentFragment>
  .c5 {
  font-size: 0.875rem;
  line-height: 1.375rem;
  font-weight: 400;
  margin-bottom: 1.25rem;
  font-family: 'Roboto',sans-serif;
  color: #000000;
}

.c10 {
  font-size: 0.875rem;
  line-height: 1.375rem;
  font-weight: 400;
  margin-right: 0.75rem;
  font-family: 'Roboto',sans-serif;
  color: #757575;
}

.c4 {
  font-size: 1.125rem;
  line-height: 1.625rem;
  font-weight: 500;
  margin-bottom: 0.25rem;
  font-family: 'Roboto',sans-serif;
  color: #000000;
}

.c11 {
  border: none;
  height: 2.25rem;
  display: -webkit-box;
  display: -webkit-flex;
  display: -ms-flexbox;
  display: flex;
  -webkit-align-items: center;
  -webkit-box-align: center;
  -ms-flex-align: center;
  align-items: center;
  padding: 0 0.75rem;
  font-size: 0.875rem;
  font-weight: 500;
  cursor: pointer;
  border-radius: 4px;
  -webkit-text-decoration: none;
  text-decoration: none;
  -webkit-transition: background-color 0.1s ease-in-out,color 0.1s ease-in-out, border-color 0.1s ease-in-out;
  transition: background-color 0.1s ease-in-out,color 0.1s ease-in-out, border-color 0.1s ease-in-out;
  background-color: #000000;
  color: #FFFFFF;
  margin-left: auto;
  width: -webkit-fit-content;
  width: -moz-fit-content;
  width: fit-content;
}

.c11:hover:not(:active,:disabled) {
  background-color: #333;
}

.c11 .material-symbols-sharp {
  color: inherit;
}

.c11:disabled {
  cursor: not-allowed;
}

.c2 {
  display: -webkit-box;
  display: -webkit-flex;
  display: -ms-flexbox;
  display: flex;
  -webkit-flex-direction: column;
  -ms-flex-direction: column;
  flex-direction: column;
  box-shadow: rgba(0,0,0,0.1) 0px 1px 3px 0px,rgba(0,0,0,0.06) 0px 1px 2px 0px;
  background-color: #FFFFFF;
  border-radius: 0.375rem;
}

.c8 {
  height: 1px;
  border: none;
  background-color: #EEEEEE;
  width: 100%;
}

.c6 {
  max-width: 400px;
  position: relative;
  display: -webkit-box;
  display: -webkit-flex;
  display: -ms-flexbox;
  display: flex;
  -webkit-align-items: center;
  -webkit-box-align: center;
  -ms-flex-align: center;
  align-items: center;
}

.c7 {
  border: none;
  background-color: #F6F6F6;
  height: 2.75rem;
  border-radius: 0.25rem;
  font-size: 0.875rem;
  font-weight: 400;
  width: 100%;
  padding: 0 1rem;
  color: #757575;
}

.c7:focus {
  outline: 2px solid #000000;
  color: #000000;
}

.c3 {
  display: -webkit-box;
  display: -webkit-flex;
  display: -ms-flexbox;
  display: flex;
  -webkit-flex-direction: column;
  -ms-flex-direction: column;
  flex-direction: column;
  padding: 1.25rem;
}

.c9 {
  display: -webkit-box;
  display: -webkit-flex;
  display: -ms-flexbox;
  display: flex;
  -webkit-align-items: center;
  -webkit-box-align: center;
  -ms-flex-align: center;
  align-items: center;
  padding: 1rem 1.25rem;
}

.c0 {
  display: -webkit-box;
  display: -webkit-flex;
  display: -ms-flexbox;
  display: flex;
  -webkit-flex-direction: column;
  -ms-flex-direction: column;
  flex-direction: column;
}

.c1 {
  display: -webkit-box;
  display: -webkit-flex;
  display: -ms-flexbox;
  display: flex;
  -webkit-flex-direction: column;
  -ms-flex-direction: column;
  flex-direction: column;
}

.c1:not(:last-child) {
  margin-bottom: 1.25rem;
}

<ul
    class="c0"
  >
    <ul
      class="c1"
    >
      <div
        class="c2"
        data-testid="card"
      >
        <div
          class="c3"
        >
          <h3
            class="c4"
            data-testid="setting-title"
          >
            Team name
          </h3>
          <p
            class="c5"
            data-testid="setting-title"
          >
            Lorem ipsum dolor sit amet, consectetur adipiscing elit, sed do eiusmod tempor incididunt ut labore et dolore magna aliqua.
          </p>
          <div
            class="c6"
            data-testid="input-container"
          >
            <input
              class="c7"
              data-testid="input"
              format="normal"
              name="team"
              placeholder="Team name"
              type="text"
              value=""
            />
          </div>
        </div>
        <hr
          class="c8"
          data-testid="horizontal-rule"
        />
        <div
          class="c9"
        >
          <p
            class="c10"
            data-testid="setting-title"
          >
            Lorem ipsum dolor sit amet, consectetur adipiscing elit.
          </p>
          <button
            class="c11"
          >
            Save
          </button>
        </div>
      </div>
    </ul>
    <ul
      class="c1"
    >
      <div
        class="c2"
        data-testid="card"
      >
        <div
          class="c3"
        >
          <h3
            class="c4"
            data-testid="setting-title"
          >
            Project name
          </h3>
          <p
            class="c5"
            data-testid="setting-title"
          >
            Lorem ipsum dolor sit amet, consectetur adipiscing elit, sed do eiusmod tempor incididunt ut labore et dolore magna aliqua.
          </p>
          <div
            class="c6"
            data-testid="input-container"
          >
            <input
              class="c7"
              data-testid="input"
              format="normal"
              name="project"
              placeholder="Project name"
              type="text"
              value=""
            />
          </div>
        </div>
        <hr
          class="c8"
          data-testid="horizontal-rule"
        />
        <div
          class="c9"
        >
          <p
            class="c10"
            data-testid="setting-title"
          >
            Lorem ipsum dolor sit amet, consectetur adipiscing elit.
          </p>
          <button
            class="c11"
          >
            Save
          </button>
        </div>
      </div>
    </ul>
  </ul>
</DocumentFragment>
`;
