// Jest Snapshot v1, https://goo.gl/fbAQLP

exports[`Members General tests render General correctly 1`] = `
<DocumentFragment>
  .c12 {
  height: 1.75rem;
  width: 1.75rem;
  border-radius: 50%;
  overflow: hidden;
  -webkit-flex-shrink: 0;
  -ms-flex-negative: 0;
  flex-shrink: 0;
  margin-right: 0.75rem;
  border-radius: 50%;
}

.c13 {
  height: 100%;
  width: 100%;
  object-fit: cover;
}

.c5 {
  font-size: 0.875rem;
  line-height: 1.375rem;
  font-weight: 400;
  margin-bottom: 1.25rem;
  font-family: 'Roboto',sans-serif;
  color: #000000;
}

.c9 {
  font-size: 0.875rem;
  line-height: 1.375rem;
  font-weight: 400;
  font-family: 'Roboto',sans-serif;
  color: #757575;
}

.c14 {
  font-size: 0.875rem;
  line-height: 1.375rem;
  font-weight: 400;
  font-weight: 400;
  font-family: 'Roboto',sans-serif;
  color: #000000;
}

.c21 {
  font-size: 0.875rem;
  line-height: 1.375rem;
  font-weight: 400;
  margin-right: 0.75rem;
  font-family: 'Roboto',sans-serif;
  color: #757575;
}

.c4 {
  font-size: 1.125rem;
  line-height: 1.625rem;
  font-weight: 500;
  margin-bottom: 0.25rem;
  font-family: 'Roboto',sans-serif;
  color: #000000;
}

.c17 {
  height: 1.5rem;
  width: 1.5rem;
  -webkit-flex-shrink: 0;
  -ms-flex-negative: 0;
  flex-shrink: 0;
}

.c18 {
  color: #000000;
  font-size: 1.5rem;
}

.c22 {
  border: none;
  height: 2.25rem;
  display: -webkit-box;
  display: -webkit-flex;
  display: -ms-flexbox;
  display: flex;
  -webkit-align-items: center;
  -webkit-box-align: center;
  -ms-flex-align: center;
  align-items: center;
  padding: 0 0.75rem;
  font-size: 0.875rem;
  font-weight: 500;
  cursor: pointer;
  border-radius: 4px;
  -webkit-text-decoration: none;
  text-decoration: none;
  -webkit-transition: background-color 0.1s ease-in-out,color 0.1s ease-in-out, border-color 0.1s ease-in-out;
  transition: background-color 0.1s ease-in-out,color 0.1s ease-in-out, border-color 0.1s ease-in-out;
  background-color: #000000;
  color: #FFFFFF;
  margin-left: auto;
  width: -webkit-fit-content;
  width: -moz-fit-content;
  width: fit-content;
}

.c22:hover:not(:active) {
  background-color: #333;
}

.c22 .material-symbols-sharp {
  color: inherit;
}

.c2 {
  display: -webkit-box;
  display: -webkit-flex;
  display: -ms-flexbox;
  display: flex;
  -webkit-flex-direction: column;
  -ms-flex-direction: column;
  flex-direction: column;
  box-shadow: rgba(0,0,0,0.1) 0px 1px 3px 0px,rgba(0,0,0,0.06) 0px 1px 2px 0px;
  background-color: #FFFFFF;
  border-radius: 0.375rem;
}

.c19 {
  height: 1px;
  border: none;
  background-color: #EEEEEE;
  width: 100%;
}

.c16 {
  border: none;
  display: -webkit-box;
  display: -webkit-flex;
  display: -ms-flexbox;
  display: flex;
  -webkit-align-items: center;
  -webkit-box-align: center;
  -ms-flex-align: center;
  align-items: center;
  -webkit-box-pack: center;
  -webkit-justify-content: center;
  -ms-flex-pack: center;
  justify-content: center;
  cursor: pointer;
  border-radius: 50%;
  -webkit-transition: background-color 0.1s ease-in-out,color 0.1s ease-in-out, border-color 0.1s ease-in-out;
  transition: background-color 0.1s ease-in-out,color 0.1s ease-in-out, border-color 0.1s ease-in-out;
  background-color: transparent;
  color: #000000;
  height: 2rem;
  width: 2rem;
}

.c16 .material-symbols-sharp {
  color: inherit;
}

.c16:hover {
  background-color: #EEEEEE;
}

.c16:active {
  background-color: #E2E2E2;
}

.c6 {
  background-color: #F6F6F6;
  padding: 1.25rem;
  border-radius: 4px;
}

.c7 {
  display: grid;
  grid-template-columns: repeat(3,1fr) auto;
  grid-gap: 1.25rem;
}

.c7:not(:last-child) {
  border-bottom: 1px solid #E2E2E2;
}

.c10 {
  min-width: 2.25rem;
  pointer-events: none;
}

.c8 {
  height: 2.8125rem;
  display: -webkit-box;
  display: -webkit-flex;
  display: -ms-flexbox;
  display: flex;
  -webkit-flex-direction: column;
  -ms-flex-direction: column;
  flex-direction: column;
  -webkit-box-pack: center;
  -webkit-justify-content: center;
  -ms-flex-pack: center;
  justify-content: center;
}

.c11 {
  display: -webkit-box;
  display: -webkit-flex;
  display: -ms-flexbox;
  display: flex;
  -webkit-align-items: center;
  -webkit-box-align: center;
  -ms-flex-align: center;
  align-items: center;
}

.c15 {
  height: 2rem;
  width: 2rem;
}

.c3 {
  display: -webkit-box;
  display: -webkit-flex;
  display: -ms-flexbox;
  display: flex;
  -webkit-flex-direction: column;
  -ms-flex-direction: column;
  flex-direction: column;
  padding: 1.25rem;
}

.c20 {
  display: -webkit-box;
  display: -webkit-flex;
  display: -ms-flexbox;
  display: flex;
  -webkit-align-items: center;
  -webkit-box-align: center;
  -ms-flex-align: center;
  align-items: center;
  padding: 1rem 1.25rem;
}

.c0 {
  display: -webkit-box;
  display: -webkit-flex;
  display: -ms-flexbox;
  display: flex;
  -webkit-flex-direction: column;
  -ms-flex-direction: column;
  flex-direction: column;
}

.c1 {
  display: -webkit-box;
  display: -webkit-flex;
  display: -ms-flexbox;
  display: flex;
  -webkit-flex-direction: column;
  -ms-flex-direction: column;
  flex-direction: column;
}

.c1:not(:last-child) {
  margin-bottom: 1.25rem;
}

<ul
    class="c0"
  >
    <ul
      class="c1"
    >
      <div
        class="c2"
        data-testid="card"
      >
        <div
          class="c3"
        >
          <h3
            class="c4"
            data-testid="setting-title"
          >
            Team members
          </h3>
          <p
            class="c5"
            data-testid="setting-title"
          >
            Active Members
          </p>
          <div
            class="c6"
            data-testid="table"
          >
            <div
              class="c7"
              data-testid="header"
            >
              <div
                class="c8"
              >
                <p
                  class="c9"
                >
                  Name
                </p>
              </div>
              <div
                class="c8"
              >
                <p
                  class="c9"
                >
                  Email
                </p>
              </div>
              <div
                class="c8"
              >
                <p
                  class="c9"
                >
                  Role
                </p>
              </div>
              <div
                class="c10"
              />
            </div>
            <div
              class="c7"
              data-testid="row"
            >
              <div
                class="c8"
              >
                <div
                  class="c11"
                >
                  <div
                    class="c12"
                    data-testid="avatar"
                    size="28"
                  >
                    <img
                      alt="Marta profile image"
                      class="c13"
                      src="https://images.pexels.com/photos/733872/pexels-photo-733872.jpeg?auto=compress&cs=tinysrgb&w=1260&h=750&dpr=2"
                    />
                  </div>
                  <p
                    class="c14"
                    font-weight="400"
                  >
                    Marta
                  </p>
                </div>
              </div>
              <div
                class="c8"
              >
                <div
                  class="c11"
                >
                  <p
                    class="c14"
                    font-weight="400"
                  >
                    Marta@gmail.com
                  </p>
                </div>
              </div>
              <div
                class="c8"
              >
                <div
                  class="c11"
                >
                  <p
                    class="c14"
                    font-weight="400"
                  >
                    Admin
                  </p>
                </div>
              </div>
              <div
                class="c8"
              >
                <div
                  class="c15"
                >
                  <button
                    class="c16"
                  >
                    <div
                      class="c17"
                      data-testid="icon-container"
                      size="24"
                    >
                      <span
                        class="c18 material-symbols-sharp"
                        color="#000000"
                        data-testid="icon"
                        size="24"
                      >
                        more_horiz
                      </span>
                    </div>
                  </button>
                </div>
              </div>
            </div>
            <div
              class="c7"
              data-testid="row"
            >
              <div
                class="c8"
              >
                <div
                  class="c11"
                >
                  <div
                    class="c12"
                    data-testid="avatar"
                    size="28"
                  >
                    <img
                      alt="Pedro profile image"
                      class="c13"
                      src="https://images.pexels.com/photos/428364/pexels-photo-428364.jpeg?auto=compress&cs=tinysrgb&w=1260&h=750&dpr=2"
                    />
                  </div>
                  <p
                    class="c14"
                    font-weight="400"
                  >
                    Pedro
                  </p>
                </div>
              </div>
              <div
                class="c8"
              >
                <div
                  class="c11"
                >
                  <p
                    class="c14"
                    font-weight="400"
                  >
                    pedro_dev@gmail.com
                  </p>
                </div>
              </div>
              <div
                class="c8"
              >
                <div
                  class="c11"
                >
                  <p
                    class="c14"
                    font-weight="400"
                  >
                    developer
                  </p>
                </div>
              </div>
              <div
                class="c8"
              >
                <div
                  class="c15"
                >
                  <button
                    class="c16"
                  >
                    <div
                      class="c17"
                      data-testid="icon-container"
                      size="24"
                    >
                      <span
                        class="c18 material-symbols-sharp"
                        color="#000000"
                        data-testid="icon"
                        size="24"
                      >
                        more_horiz
                      </span>
                    </div>
                  </button>
                </div>
              </div>
            </div>
            <div
              class="c7"
              data-testid="row"
            >
              <div
                class="c8"
              >
                <div
                  class="c11"
                >
                  <div
                    class="c12"
                    data-testid="avatar"
                    size="28"
                  >
                    <img
                      alt="Daniel profile image"
                      class="c13"
                      src="https://images.pexels.com/photos/220453/pexels-photo-220453.jpeg?auto=compress&cs=tinysrgb&w=1260&h=750&dpr=2"
                    />
                  </div>
                  <p
                    class="c14"
                    font-weight="400"
                  >
                    Daniel
                  </p>
                </div>
              </div>
              <div
                class="c8"
              >
                <div
                  class="c11"
                >
                  <p
                    class="c14"
                    font-weight="400"
                  >
                    daniel_ninja_dev@gmail.com
                  </p>
                </div>
              </div>
              <div
                class="c8"
              >
                <div
                  class="c11"
                >
                  <p
                    class="c14"
                    font-weight="400"
                  >
                    developer
                  </p>
                </div>
              </div>
              <div
                class="c8"
              >
                <div
                  class="c15"
                >
                  <button
                    class="c16"
                  >
                    <div
                      class="c17"
                      data-testid="icon-container"
                      size="24"
                    >
                      <span
                        class="c18 material-symbols-sharp"
                        color="#000000"
                        data-testid="icon"
                        size="24"
                      >
                        more_horiz
                      </span>
                    </div>
                  </button>
                </div>
              </div>
            </div>
            <div
              class="c7"
              data-testid="row"
            >
              <div
                class="c8"
              >
                <div
                  class="c11"
                >
                  <div
                    class="c12"
                    data-testid="avatar"
                    size="28"
                  >
                    <img
                      alt="Joana profile image"
                      class="c13"
                      src="https://images.pexels.com/photos/415829/pexels-photo-415829.jpeg?auto=compress&cs=tinysrgb&w=1260&h=750&dpr=2"
                    />
                  </div>
                  <p
                    class="c14"
                    font-weight="400"
                  >
                    Joana
                  </p>
                </div>
              </div>
              <div
                class="c8"
              >
                <div
                  class="c11"
                >
                  <p
                    class="c14"
                    font-weight="400"
                  >
                    joana_mac@gmail.com
                  </p>
                </div>
              </div>
              <div
                class="c8"
              >
                <div
                  class="c11"
                >
                  <p
                    class="c14"
                    font-weight="400"
                  >
                    QA
                  </p>
                </div>
              </div>
              <div
                class="c8"
              >
                <div
                  class="c15"
                >
                  <button
                    class="c16"
                  >
                    <div
                      class="c17"
                      data-testid="icon-container"
                      size="24"
                    >
                      <span
                        class="c18 material-symbols-sharp"
                        color="#000000"
                        data-testid="icon"
                        size="24"
                      >
                        more_horiz
                      </span>
                    </div>
                  </button>
                </div>
              </div>
            </div>
          </div>
        </div>
        <hr
          class="c19"
          data-testid="horizontal-rule"
        />
        <div
          class="c20"
        >
          <p
            class="c21"
            data-testid="setting-title"
          />
          <button
            class="c22"
          >
            Invite Member
          </button>
        </div>
      </div>
    </ul>
  </ul>
</DocumentFragment>
`;
