// Jest Snapshot v1, https://goo.gl/fbAQLP

exports[`Card Atom tests render Card correctly 1`] = `
<DocumentFragment>
  .c0 {
  box-shadow: rgba(0,0,0,0.1) 0px 1px 3px 0px,rgba(0,0,0,0.06) 0px 1px 2px 0px;
  background-color: #FFFFFF;
  border-radius: 0.375rem;
}

<div
    class="c0"
    data-testid="card"
  >
    Content
  </div>
</DocumentFragment>
`;
