// Jest Snapshot v1, https://goo.gl/fbAQLP

exports[`Footer tests should render Footer correctly 1`] = `
<DocumentFragment>
  .c6 {
  font-size: 1rem;
  line-height: 1.5rem;
  font-weight: 500;
  font-family: roboto;
  font-weight: 400;
  font-family: 'Roboto',sans-serif;
  word-break: break-word;
  color: #CBCBCB;
}

.c10 {
  font-size: 1rem;
  line-height: 1.5rem;
  font-weight: 500;
  font-family: roboto;
  font-weight: 400;
  margin-bottom: 0.5rem;
  font-family: 'Roboto',sans-serif;
  word-break: break-word;
  color: #CBCBCB;
}

.c3 {
  font-size: 1.25rem;
  line-height: 1.875rem;
  font-weight: 500;
  font-family: roboto;
  margin-bottom: 0.5rem;
  font-family: 'Roboto',sans-serif;
  word-break: break-word;
  color: #CBCBCB;
}

.c13 {
  height: 2.625rem;
  padding: 0 1rem;
  font-size: 1rem;
  position: relative;
  border: none;
  display: flex;
  align-items: center;
  font-weight: 500;
  cursor: pointer;
  border-radius: 4px;
  text-decoration: none;
  transition: background-color 0.1s ease-in-out,color 0.1s ease-in-out,border-color 0.1s ease-in-out;
  background-color: #276EF1;
  color: #FFFFFF;
  width: medium;
  height: medium;
  width: fit-content;
}

.c13:hover:not(:active, :disabled) {
  background-color: #0e55d7;
}

.c13 .material-symbols-sharp,
.c13 .material-symbols-rounded {
  color: inherit;
}

.c13 svg,
.c13 svg g {
  fill: #FFFFFF;
}

.c13:disabled {
  cursor: default;
  opacity: 0.6;
}

.c0 {
  display: flex;
  padding: 3.125rem 1.25rem;
  background-color: #1F1F1F;
}

.c1 {
  display: flex;
  justify-content: space-between;
  max-width: 90rem;
  width: 100%;
  margin: 0 auto;
}

.c2 {
  display: flex;
  flex-direction: column;
}

.c4 {
  display: flex;
  align-items: center;
}

.c5 {
  display: inline-flex;
  height: 2.25rem;
  align-items: center;
}

.c7 {
  display: flex;
  margin-left: 1rem;
}

.c8 {
  display: inline-flex;
  height: 2.25rem;
  align-items: center;
  padding: 0 1rem;
}

.c8:hover {
  cursor: pointer;
}

.c9 {
  display: flex;
  flex-direction: column;
  max-width: 20rem;
  width: 100%;
}

.c11 {
  display: flex;
}

.c12 {
  font-size: 1rem;
  height: 2.625rem;
  width: 100%;
  border-radius: 0.25rem;
  border: none;
  margin-right: 1rem;
  padding: 0 1rem;
  color: #F6F6F6;
  background-color: #333333;
}

.c12::placeholder {
  color: #AFAFAF;
}

.c12:focus {
  outline: 2px solid #757575;
}

@media screen and (max-width: 575.98px) {
  .c1 {
    flex-direction: column;
    justify-content: initial;
  }
}

@media screen and (max-width: 575.98px) {
  .c2 {
    margin-top: 1.875rem;
    order: 1;
  }
}

@media screen and (max-width: 991.98px) {
  .c4 {
    flex-direction: column;
    align-items: initial;
    justify-content: center;
  }
}

@media screen and (max-width: 991.98px) {
  .c5 {
    margin: 0.5rem 0;
  }
}

@media screen and (max-width: 991.98px) {
  .c7 {
    flex-direction: column;
    margin-left: 0;
  }
}

@media screen and (max-width: 991.98px) {
  .c8 {
    padding: 0;
    margin: 0 0 0.5rem 0;
  }
}

<footer
    class="c0"
  >
    <div
      class="c1"
    >
      <div
        class="c2"
      >
        <h2
          class="c3"
          color="#CBCBCB"
          font-family="roboto"
        >
          The Open-Source Stack for Developers and Startups
        </h2>
        <div
          class="c4"
        >
          <div
            class="c5"
          >
            <p
              class="c6"
              color="#CBCBCB"
              font-family="roboto"
              font-weight="400"
            >
              Â© Basestack 2024. All rights reserved.
            </p>
          </div>
          <ul
            class="c7"
          >
            <li
              class="c8"
            >
              <p
                class="c6"
                color="#CBCBCB"
                font-family="roboto"
                font-weight="400"
              >
                Privacy Policy
              </p>
            </li>
            <li
              class="c8"
            >
              <p
                class="c6"
                color="#CBCBCB"
                font-family="roboto"
                font-weight="400"
              >
                Cookies Policy
              </p>
            </li>
            <li
              class="c8"
            >
              <p
                class="c6"
                color="#CBCBCB"
                font-family="roboto"
                font-weight="400"
              >
                Term of Use
              </p>
            </li>
          </ul>
        </div>
      </div>
      <div
        class="c9"
      >
        <p
          class="c10"
          color="#CBCBCB"
          font-family="roboto"
          font-weight="400"
        >
          Get updates directly to your Inbox
        </p>
        <div
          class="c11"
        >
          <input
            class="c12"
            name="email"
            placeholder="Enter your email"
            type="email"
            value=""
          />
          <button
            class="c13"
            data-testid="button"
          >
            <span
              class=""
            >
              Subscribe
            </span>
          </button>
        </div>
      </div>
    </div>
  </footer>
</DocumentFragment>
`;
