// Jest Snapshot v1, https://goo.gl/fbAQLP

exports[`Badge Component renders 1`] = `
<div
  className="sc-bdfBwQ gHdUTr"
>
  2
</div>
`;
