// Jest Snapshot v1, https://goo.gl/fbAQLP

exports[`Pagination Molecule tests should render Pagination correctly 1`] = `
<DocumentFragment>
  .c5 {
  font-size: 0.875rem;
  line-height: 1.375rem;
  font-weight: 400;
  font-family: 'Roboto',sans-serif;
  color: #000000;
}

.c7 {
  font-size: 0.875rem;
  line-height: 1.375rem;
  font-weight: 400;
  margin-left: 0.75rem;
  font-family: 'Roboto',sans-serif;
  color: #000000;
}

.c2 {
  height: 1.5rem;
  width: 1.5rem;
  -webkit-flex-shrink: 0;
  -ms-flex-negative: 0;
  flex-shrink: 0;
  margin-right: 0.5rem;
}

.c9 {
  height: 1.5rem;
  width: 1.5rem;
  -webkit-flex-shrink: 0;
  -ms-flex-negative: 0;
  flex-shrink: 0;
  margin-left: 0.5rem;
}

.c3 {
  color: #000000;
  font-size: 1.5rem;
}

.c1 {
  border: none;
  height: 2.25rem;
  display: -webkit-box;
  display: -webkit-flex;
  display: -ms-flexbox;
  display: flex;
  -webkit-align-items: center;
  -webkit-box-align: center;
  -ms-flex-align: center;
  align-items: center;
  padding: 0 0.75rem;
  font-size: 0.875rem;
  font-weight: 500;
  cursor: pointer;
  border-radius: 4px;
  -webkit-text-decoration: none;
  text-decoration: none;
  -webkit-transition: background-color 0.1s ease-in-out,color 0.1s ease-in-out, border-color 0.1s ease-in-out;
  transition: background-color 0.1s ease-in-out,color 0.1s ease-in-out, border-color 0.1s ease-in-out;
  background-color: transparent;
  color: #000000;
  margin-right: 0.75rem;
  width: -webkit-fit-content;
  width: -moz-fit-content;
  width: fit-content;
  padding-left: 0.5rem;
}

.c1:hover:not(:disabled) {
  background-color: #EEEEEE;
}

.c1:active:not(:disabled) {
  background-color: #E2E2E2;
}

.c1 .material-symbols-sharp {
  color: inherit;
}

.c1:disabled {
  cursor: not-allowed;
}

.c8 {
  border: none;
  height: 2.25rem;
  display: -webkit-box;
  display: -webkit-flex;
  display: -ms-flexbox;
  display: flex;
  -webkit-align-items: center;
  -webkit-box-align: center;
  -ms-flex-align: center;
  align-items: center;
  padding: 0 0.75rem;
  font-size: 0.875rem;
  font-weight: 500;
  cursor: pointer;
  border-radius: 4px;
  -webkit-text-decoration: none;
  text-decoration: none;
  -webkit-transition: background-color 0.1s ease-in-out,color 0.1s ease-in-out, border-color 0.1s ease-in-out;
  transition: background-color 0.1s ease-in-out,color 0.1s ease-in-out, border-color 0.1s ease-in-out;
  background-color: transparent;
  color: #000000;
  margin-left: 0.75rem;
  width: -webkit-fit-content;
  width: -moz-fit-content;
  width: fit-content;
  padding-right: 0.5rem;
}

.c8:hover:not(:disabled) {
  background-color: #EEEEEE;
}

.c8:active:not(:disabled) {
  background-color: #E2E2E2;
}

.c8 .material-symbols-sharp {
  color: inherit;
}

.c8:disabled {
  cursor: not-allowed;
}

.c0 {
  display: -webkit-box;
  display: -webkit-flex;
  display: -ms-flexbox;
  display: flex;
  -webkit-align-items: center;
  -webkit-box-align: center;
  -ms-flex-align: center;
  align-items: center;
}

.c6 {
  display: -webkit-box;
  display: -webkit-flex;
  display: -ms-flexbox;
  display: flex;
  font-weight: 500;
}

.c4 {
  background-color: #EEEEEE;
  height: 36px;
  min-width: 36px;
  padding: 0 10px;
  border-radius: 4px;
  display: -webkit-box;
  display: -webkit-flex;
  display: -ms-flexbox;
  display: flex;
  -webkit-align-items: center;
  -webkit-box-align: center;
  -ms-flex-align: center;
  align-items: center;
  -webkit-box-pack: center;
  -webkit-justify-content: center;
  -ms-flex-pack: center;
  justify-content: center;
}

<div
    class="c0"
    data-testid="pagination"
  >
    <button
      class="c1"
    >
      <div
        class="c2"
        data-testid="icon-container"
        size="24"
      >
        <span
          class="c3 material-symbols-sharp"
          data-testid="icon"
          size="24"
        >
          chevron_left
        </span>
      </div>
      Prev
    </button>
    <div
      class="c4"
    >
      <p
        class="c5 c6"
        data-testid="pagination-current-page"
      >
        10
      </p>
    </div>
    <p
      class="c7 c6"
      data-testid="pagination-total-pages"
    >
      of 11
    </p>
    <button
      class="c8"
    >
      Next
      <div
        class="c9"
        data-testid="icon-container"
        size="24"
      >
        <span
          class="c3 material-symbols-sharp"
          data-testid="icon"
          size="24"
        >
          chevron_right
        </span>
      </div>
    </button>
  </div>
</DocumentFragment>
`;
