// Jest Snapshot v1, https://goo.gl/fbAQLP

exports[`Pagination tests should render Pagination correctly 1`] = `
<DocumentFragment>
  .c7 {
  height: 2.25rem;
  padding: 0 0.75rem;
  font-size: 0.875rem;
  position: relative;
  border: none;
  display: flex;
  align-items: center;
  font-weight: 500;
  cursor: pointer;
  border-radius: 4px;
  text-decoration: none;
  transition: background-color 0.1s ease-in-out,color 0.1s ease-in-out,border-color 0.1s ease-in-out;
  background-color: transparent;
  color: #000000;
  width: normal;
  height: normal;
  margin-left: 0.25rem;
  width: fit-content;
}

.c7:hover:not(:disabled) {
  background-color: #EEEEEE;
}

.c7:active:not(:disabled) {
  background-color: #E2E2E2;
}

.c7 .material-symbols-sharp {
  color: inherit;
}

.c7 svg,
.c7 svg g {
  fill: #000000;
}

.c7:disabled {
  cursor: not-allowed;
  opacity: 0.6;
}

.c1 {
  font-size: 0.875rem;
  line-height: 1.375rem;
  font-weight: 400;
  font-family: roboto;
  font-family: 'Roboto',sans-serif;
  word-break: break-word;
  color: #757575;
}

.c4 {
  font-size: 0.875rem;
  line-height: 1.375rem;
  font-weight: 400;
  font-family: roboto;
  font-family: 'Roboto',sans-serif;
  word-break: break-word;
  color: #000000;
}

.c0 {
  display: flex;
  align-items: center;
}

.c2 {
  margin-right: 0.25rem;
  display: flex;
  font-weight: 500;
}

.c5 {
  display: flex;
  font-weight: 500;
}

.c6 {
  margin-left: 0.25rem;
  display: flex;
  font-weight: 500;
}

.c3 {
  background-color: #EEEEEE;
  height: 32px;
  min-width: 32px;
  padding: 0 0.5rem;
  border-radius: 4px;
  display: flex;
  align-items: center;
  justify-content: center;
}

<div
    class="c0"
    data-testid="pagination"
  >
    <p
      class="c1 c2"
      data-testid="pagination-left-text"
      font-family="roboto"
    >
      Showing
    </p>
    <div
      class="c3"
    >
      <p
        class="c4 c5"
        data-testid="pagination-current-page"
        font-family="roboto"
      >
        10
      </p>
    </div>
    <p
      class="c1 c6"
      data-testid="pagination-total-pages"
      font-family="roboto"
    >
      of 11
    </p>
    <button
      class="c7"
      data-testid="button"
    >
      <span
        class=""
      >
        Load More
      </span>
    </button>
  </div>
</DocumentFragment>
`;
