// Jest Snapshot v1, https://goo.gl/fbAQLP

exports[`TabBar Organism tests should render TabBar correctly 1`] = `
<DocumentFragment>
  .c4 {
  height: 1.5rem;
  width: 1.5rem;
  -webkit-flex-shrink: 0;
  -ms-flex-negative: 0;
  flex-shrink: 0;
  margin-right: 0.5rem;
}

.c9 {
  height: 2rem;
  width: 2rem;
  -webkit-flex-shrink: 0;
  -ms-flex-negative: 0;
  flex-shrink: 0;
}

.c5 {
  color: #000000;
  font-size: 1.5rem;
}

.c7 {
  color: #276EF1;
  font-size: 1.5rem;
}

.c10 {
  color: #FFFFFF;
  font-size: 2rem;
}

.c8 {
  margin-left: 0.75rem;
  margin-right: 0.75rem;
  border: none;
  display: -webkit-box;
  display: -webkit-flex;
  display: -ms-flexbox;
  display: flex;
  -webkit-align-items: center;
  -webkit-box-align: center;
  -ms-flex-align: center;
  align-items: center;
  -webkit-box-pack: center;
  -webkit-justify-content: center;
  -ms-flex-pack: center;
  justify-content: center;
  cursor: pointer;
  border-radius: 50%;
  -webkit-transition: background-color 0.1s ease-in-out,color 0.1s ease-in-out, border-color 0.1s ease-in-out;
  transition: background-color 0.1s ease-in-out,color 0.1s ease-in-out, border-color 0.1s ease-in-out;
  background-color: #276EF1;
  color: #FFFFFF;
  height: 2.5rem;
  width: 2.5rem;
}

.c8:hover:not(:active) {
  background-color: #0e55d7;
}

.c0 {
  position: -webkit-sticky;
  position: sticky;
  bottom: 0;
  z-index: 99;
  display: -webkit-box;
  display: -webkit-flex;
  display: -ms-flexbox;
  display: flex;
  -webkit-align-items: center;
  -webkit-box-align: center;
  -ms-flex-align: center;
  align-items: center;
  -webkit-flex-shrink: 0;
  -ms-flex-negative: 0;
  flex-shrink: 0;
  background-color: #FFFFFF;
  box-shadow: rgb(0 0 0 / 10%) 0 0 3px 0,rgb(0 0 0 / 6%) 0 0 2px 0;
  height: 4rem;
  margin-top: auto;
}

.c1 {
  display: -webkit-box;
  display: -webkit-flex;
  display: -ms-flexbox;
  display: flex;
  -webkit-align-items: center;
  -webkit-box-align: center;
  -ms-flex-align: center;
  align-items: center;
  margin: 0 auto;
}

.c2 {
  padding: 0 0.5rem;
}

.c3 {
  -webkit-text-decoration: none;
  text-decoration: none;
  cursor: pointer;
  display: -webkit-box;
  display: -webkit-flex;
  display: -ms-flexbox;
  display: flex;
  -webkit-align-items: center;
  -webkit-box-align: center;
  -ms-flex-align: center;
  align-items: center;
  -webkit-box-pack: center;
  -webkit-justify-content: center;
  -ms-flex-pack: center;
  justify-content: center;
  font-size: 0.875rem;
  font-weight: 500;
  height: 4rem;
  padding: 0 0.75rem;
  color: #000000;
  border-top: 3px solid #FFFFFF;
}

.c6 {
  -webkit-text-decoration: none;
  text-decoration: none;
  cursor: pointer;
  display: -webkit-box;
  display: -webkit-flex;
  display: -ms-flexbox;
  display: flex;
  -webkit-align-items: center;
  -webkit-box-align: center;
  -ms-flex-align: center;
  align-items: center;
  -webkit-box-pack: center;
  -webkit-justify-content: center;
  -ms-flex-pack: center;
  justify-content: center;
  font-size: 0.875rem;
  font-weight: 500;
  height: 4rem;
  padding: 0 0.75rem;
  color: #276EF1;
  border-top: 3px solid #276EF1;
}

@media screen and (min-width:380px) {
  .c2 {
    padding: 0 0.75rem;
  }
}

@media screen and (min-width:576px) {
  .c2 {
    padding: 0 1rem;
  }
}

<nav
    class="c0"
    data-testid="tab-bar"
  >
    <ul
      class="c1"
    >
      <li
        class="c2"
      >
        <a
          class="c3"
          href="/flags"
        >
          <div
            class="c4"
            data-testid="icon-container"
            size="24"
          >
            <span
              class="c5 material-symbols-sharp"
              color="#000000"
              data-testid="icon"
              size="24"
            >
              flag
            </span>
          </div>
          <span>
            Features
          </span>
        </a>
      </li>
      <li
        class="c2"
      >
        <a
          class="c6"
          href="/settings/general"
        >
          <div
            class="c4"
            data-testid="icon-container"
            size="24"
          >
            <span
              class="c7 material-symbols-sharp"
              color="#276EF1"
              data-testid="icon"
              size="24"
            >
              settings
            </span>
          </div>
          <span>
            Settings
          </span>
        </a>
      </li>
      <li
        class="c2"
      >
        <button
          class="c8"
        >
          <div
            class="c9"
            data-testid="icon-container"
            size="32"
          >
            <span
              class="c10 material-symbols-sharp"
              color="#FFFFFF"
              data-testid="icon"
              size="32"
            >
              add
            </span>
          </div>
        </button>
      </li>
      <li
        class="c2"
      >
        <a
          class="c3"
          href="/"
        >
          <div
            class="c4"
            data-testid="icon-container"
            size="24"
          >
            <span
              class="c5 material-symbols-sharp"
              color="#000000"
              data-testid="icon"
              size="24"
            >
              flag
            </span>
          </div>
          <span>
            Features
          </span>
        </a>
      </li>
      <li
        class="c2"
      >
        <a
          class="c3"
          href="/"
        >
          <div
            class="c4"
            data-testid="icon-container"
            size="24"
          >
            <span
              class="c5 material-symbols-sharp"
              color="#000000"
              data-testid="icon"
              size="24"
            >
              settings
            </span>
          </div>
          <span>
            Settings
          </span>
        </a>
      </li>
    </ul>
  </nav>
</DocumentFragment>
`;
