// Jest Snapshot v1, https://goo.gl/fbAQLP

exports[`PopupActions tests should render PopupActions correctly 1`] = `
<DocumentFragment>
  .c2 {
  height: 2.25rem;
  padding: 0 0.75rem;
  font-size: 0.875rem;
  position: relative;
  border: none;
  display: flex;
  align-items: center;
  font-weight: 500;
  cursor: pointer;
  border-radius: 4px;
  text-decoration: none;
  transition: background-color 0.1s ease-in-out,color 0.1s ease-in-out,border-color 0.1s ease-in-out;
  background-color: #EEEEEE;
  color: #000000;
  width: normal;
  height: normal;
  margin-top: 0.25rem;
  justify-content: center;
  width: 100%;
}

.c2:hover:not(:active, :disabled) {
  background-color: #E2E2E2;
}

.c2 .material-symbols-sharp,
.c2 .material-symbols-rounded {
  color: inherit;
}

.c2 svg,
.c2 svg g {
  fill: #000000;
}

.c2:disabled {
  cursor: default;
  opacity: 0.6;
}

.c0 {
  position: absolute;
  top: 0;
  left: 0;
  background-color: #FFFFFF;
  box-shadow: rgba(0, 0, 0, 0.25) 0px 25px 50px -12px;
  padding: 0.25rem;
  border-radius: 4px;
  width: 13.75rem;
  z-index: 109;
}

.c1 {
  display: flex;
  flex-direction: column;
  max-height: 264px;
  overflow-y: auto;
}

.c1::-webkit-scrollbar {
  width: 4px;
}

.c1::-webkit-scrollbar-track {
  background: #EEEEEE;
}

.c1::-webkit-scrollbar-thumb {
  background: #CBCBCB;
}

.c1::-webkit-scrollbar-thumb:hover {
  background: #AFAFAF;
}

<div
    class="c0"
    title="Projects"
  >
    <div
      class="c1"
    />
    <button
      class="c2"
      data-testid="button"
      mt="0.25rem"
      variant="tertiary"
    >
      <span
        class=""
      >
        Create Project
      </span>
    </button>
  </div>
</DocumentFragment>
`;
