// Jest Snapshot v1, https://goo.gl/fbAQLP

exports[`FlagCard Molecule tests should render FlagCard correctly 1`] = `
<DocumentFragment>
  .c3 {
  font-size: 0.875rem;
  line-height: 1.375rem;
  font-weight: 400;
  margin-bottom: 0.75rem;
  font-family: 'Roboto',sans-serif;
  color: #000000;
}

.c8 {
  font-size: 0.875rem;
  line-height: 1.375rem;
  font-weight: 400;
  margin-top: auto;
  font-family: 'Roboto',sans-serif;
  color: #757575;
}

.c2 {
  font-size: 1.125rem;
  line-height: 1.625rem;
  font-weight: 500;
  margin-bottom: 0.5rem;
  font-family: 'Roboto',sans-serif;
  color: #000000;
}

.c10 {
  height: 1.5rem;
  width: 1.5rem;
  -webkit-flex-shrink: 0;
  -ms-flex-negative: 0;
  flex-shrink: 0;
}

.c11 {
  color: #000000;
  font-size: 1.5rem;
}

.c0 {
  padding: 1.25rem;
  display: -webkit-box;
  display: -webkit-flex;
  display: -ms-flexbox;
  display: flex;
  -webkit-flex-direction: column;
  -ms-flex-direction: column;
  flex-direction: column;
  box-shadow: rgba(0,0,0,0.1) 0px 1px 3px 0px,rgba(0,0,0,0.06) 0px 1px 2px 0px;
  background-color: #FFFFFF;
  border-radius: 0.375rem;
  -webkit-transition: box-shadow 0.2s ease-in-out;
  transition: box-shadow 0.2s ease-in-out;
}

.c0:hover {
  box-shadow: rgba(0,0,0,0.1) 0px 10px 15px -3px,rgba(0,0,0,0.05) 0px 4px 6px -2px;
}

.c5 {
  display: -webkit-box;
  display: -webkit-flex;
  display: -ms-flexbox;
  display: flex;
  padding: 0.25rem 0.375rem;
  border-radius: 4px;
  font-size: 0.875rem;
  line-height: 1rem;
  font-weight: 400;
  color: #FFFFFF;
  background-color: #05944F;
}

.c7 {
  display: -webkit-box;
  display: -webkit-flex;
  display: -ms-flexbox;
  display: flex;
  padding: 0.25rem 0.375rem;
  border-radius: 4px;
  font-size: 0.875rem;
  line-height: 1rem;
  font-weight: 400;
  color: #545454;
  background-color: #E2E2E2;
}

.c9 {
  position: absolute;
  top: 14px;
  right: 14px;
  border: none;
  display: -webkit-box;
  display: -webkit-flex;
  display: -ms-flexbox;
  display: flex;
  -webkit-align-items: center;
  -webkit-box-align: center;
  -ms-flex-align: center;
  align-items: center;
  -webkit-box-pack: center;
  -webkit-justify-content: center;
  -ms-flex-pack: center;
  justify-content: center;
  cursor: pointer;
  border-radius: 50%;
  -webkit-transition: background-color 0.1s ease-in-out,color 0.1s ease-in-out, border-color 0.1s ease-in-out;
  transition: background-color 0.1s ease-in-out,color 0.1s ease-in-out, border-color 0.1s ease-in-out;
  background-color: transparent;
  color: #000000;
  height: 2.25rem;
  width: 2.25rem;
}

.c9 .material-symbols-sharp {
  color: inherit;
}

.c9:hover {
  background-color: #EEEEEE;
}

.c9:active {
  background-color: #E2E2E2;
}

.c1 {
  padding: 1.25rem;
  position: relative;
}

.c4 {
  display: -webkit-box;
  display: -webkit-flex;
  display: -ms-flexbox;
  display: flex;
  -webkit-flex-wrap: wrap;
  -ms-flex-wrap: wrap;
  flex-wrap: wrap;
  margin-bottom: 0.75rem;
}

.c6 {
  margin-right: 0.25rem;
  margin-bottom: 0.25rem;
}

<div
    class="c0 c1"
    data-testid="flag-card"
  >
    <h3
      class="c2"
      data-testid="flag-title"
    >
      header_size
    </h3>
    <p
      class="c3"
      data-testid="flag-description"
    >
      Display new header for only a number of users
    </p>
    <div
      class="c4"
      data-testid="flag-labels"
    >
      <div
        class="c5 c6"
        data-testid="Development-flag-label"
      >
        Development
      </div>
      <div
        class="c7 c6"
        data-testid="Staging-flag-label"
      >
        Staging
      </div>
      <div
        class="c7 c6"
        data-testid="Production-flag-label"
      >
        Production
      </div>
    </div>
    <p
      class="c8"
      data-testid="flag-date"
    >
      Created 11 jan 2022
    </p>
    <button
      class="c9"
    >
      <div
        class="c10"
        data-testid="icon-container"
        size="24"
      >
        <span
          class="c11 material-symbols-sharp"
          color="#000000"
          data-testid="icon"
          size="24"
        >
          more_horiz
        </span>
      </div>
    </button>
  </div>
</DocumentFragment>
`;

exports[`FlagCard Molecule tests should render FlagCard with popup items 1`] = `
<DocumentFragment>
  .c3 {
  font-size: 0.875rem;
  line-height: 1.375rem;
  font-weight: 400;
  margin-bottom: 0.75rem;
  font-family: 'Roboto',sans-serif;
  color: #000000;
}

.c8 {
  font-size: 0.875rem;
  line-height: 1.375rem;
  font-weight: 400;
  margin-top: auto;
  font-family: 'Roboto',sans-serif;
  color: #757575;
}

.c2 {
  font-size: 1.125rem;
  line-height: 1.625rem;
  font-weight: 500;
  margin-bottom: 0.5rem;
  font-family: 'Roboto',sans-serif;
  color: #000000;
}

.c10 {
  height: 1.5rem;
  width: 1.5rem;
  -webkit-flex-shrink: 0;
  -ms-flex-negative: 0;
  flex-shrink: 0;
}

.c11 {
  color: #000000;
  font-size: 1.5rem;
}

.c0 {
  padding: 1.25rem;
  display: -webkit-box;
  display: -webkit-flex;
  display: -ms-flexbox;
  display: flex;
  -webkit-flex-direction: column;
  -ms-flex-direction: column;
  flex-direction: column;
  box-shadow: rgba(0,0,0,0.1) 0px 1px 3px 0px,rgba(0,0,0,0.06) 0px 1px 2px 0px;
  background-color: #FFFFFF;
  border-radius: 0.375rem;
  -webkit-transition: box-shadow 0.2s ease-in-out;
  transition: box-shadow 0.2s ease-in-out;
}

.c0:hover {
  box-shadow: rgba(0,0,0,0.1) 0px 10px 15px -3px,rgba(0,0,0,0.05) 0px 4px 6px -2px;
}

.c5 {
  display: -webkit-box;
  display: -webkit-flex;
  display: -ms-flexbox;
  display: flex;
  padding: 0.25rem 0.375rem;
  border-radius: 4px;
  font-size: 0.875rem;
  line-height: 1rem;
  font-weight: 400;
  color: #FFFFFF;
  background-color: #05944F;
}

.c7 {
  display: -webkit-box;
  display: -webkit-flex;
  display: -ms-flexbox;
  display: flex;
  padding: 0.25rem 0.375rem;
  border-radius: 4px;
  font-size: 0.875rem;
  line-height: 1rem;
  font-weight: 400;
  color: #545454;
  background-color: #E2E2E2;
}

.c9 {
  position: absolute;
  top: 14px;
  right: 14px;
  border: none;
  display: -webkit-box;
  display: -webkit-flex;
  display: -ms-flexbox;
  display: flex;
  -webkit-align-items: center;
  -webkit-box-align: center;
  -ms-flex-align: center;
  align-items: center;
  -webkit-box-pack: center;
  -webkit-justify-content: center;
  -ms-flex-pack: center;
  justify-content: center;
  cursor: pointer;
  border-radius: 50%;
  -webkit-transition: background-color 0.1s ease-in-out,color 0.1s ease-in-out, border-color 0.1s ease-in-out;
  transition: background-color 0.1s ease-in-out,color 0.1s ease-in-out, border-color 0.1s ease-in-out;
  background-color: transparent;
  color: #000000;
  height: 2.25rem;
  width: 2.25rem;
}

.c9 .material-symbols-sharp {
  color: inherit;
}

.c9:hover {
  background-color: #EEEEEE;
}

.c9:active {
  background-color: #E2E2E2;
}

.c1 {
  padding: 1.25rem;
  position: relative;
}

.c4 {
  display: -webkit-box;
  display: -webkit-flex;
  display: -ms-flexbox;
  display: flex;
  -webkit-flex-wrap: wrap;
  -ms-flex-wrap: wrap;
  flex-wrap: wrap;
  margin-bottom: 0.75rem;
}

.c6 {
  margin-right: 0.25rem;
  margin-bottom: 0.25rem;
}

<div
    class="c0 c1"
    data-testid="flag-card"
  >
    <h3
      class="c2"
      data-testid="flag-title"
    >
      header_size
    </h3>
    <p
      class="c3"
      data-testid="flag-description"
    >
      Display new header for only a number of users
    </p>
    <div
      class="c4"
      data-testid="flag-labels"
    >
      <div
        class="c5 c6"
        data-testid="Development-flag-label"
      >
        Development
      </div>
      <div
        class="c7 c6"
        data-testid="Staging-flag-label"
      >
        Staging
      </div>
      <div
        class="c7 c6"
        data-testid="Production-flag-label"
      >
        Production
      </div>
    </div>
    <p
      class="c8"
      data-testid="flag-date"
    >
      Created 11 jan 2022
    </p>
    <button
      class="c9"
    >
      <div
        class="c10"
        data-testid="icon-container"
        size="24"
      >
        <span
          class="c11 material-symbols-sharp"
          color="#000000"
          data-testid="icon"
          size="24"
        >
          more_horiz
        </span>
      </div>
    </button>
  </div>
</DocumentFragment>
`;
