// Jest Snapshot v1, https://goo.gl/fbAQLP

exports[`DemoModal tests render DemoModal correctly 1`] = `<DocumentFragment />`;
