// Jest Snapshot v1, https://goo.gl/fbAQLP

exports[`Calendar tests render Calendar correctly 1`] = `
<DocumentFragment>
  .c0 .react-calendar,
.c0 .react-calendar *,
.c0 .react-calendar *:before,
.c0 .react-calendar *:after {
  box-sizing: border-box;
}

.c0 .react-calendar {
  padding: 0.5rem;
  width: 350px;
  max-width: 100%;
  background: #FFFFFF;
  box-shadow: rgba(0, 0, 0, 0.1) 0px 10px 15px -3px,rgba(0, 0, 0, 0.05) 0px 4px 6px -2px;
  border-radius: 0.5rem;
  overflow: hidden;
  border: none;
  font-family: 'Roboto',sans-serif;
  line-height: 1.2;
}

.c0 .react-calendar abbr[title] {
  text-decoration: none;
}

.c0 .react-calendar button {
  margin: 0;
  border: 0;
  outline: none;
}

.c0 .react-calendar button:enabled:hover {
  cursor: pointer;
}

.c0 .react-calendar--doubleView {
  width: 700px;
}

.c0 .react-calendar--doubleView .react-calendar__viewContainer {
  display: flex;
  margin: -0.5em;
}

.c0 .react-calendar--doubleView .react-calendar__viewContainer >* {
  width: 50%;
  margin: 0.5em;
}

.c0 .react-calendar__navigation {
  height: 2.5rem;
  display: flex;
  margin-bottom: 0.25rem;
}

.c0 .react-calendar__navigation button {
  min-width: 2.5rem;
  height: 2.5rem;
  font-size: 0.875rem;
  background: none;
}

.c0 .react-calendar__navigation button:enabled:hover,
.c0 .react-calendar__navigation button:enabled:focus {
  background-color: #EEEEEE;
}

.c0 .react-calendar__navigation button[disabled] {
  background-color: #FFFFFF;
}

.c0 .react-calendar__navigation__label {
  color: #000000;
  align-items: center;
  justify-content: center;
  padding: 0.25rem;
  border-radius: 0.25rem;
}

.c0 .react-calendar__navigation__arrow {
  border-radius: 0.25rem;
  display: flex;
  align-items: center;
  justify-content: center;
}

.c0 .react-calendar__navigation__arrow:disabled span {
  color: #AFAFAF;
}

.c0 .react-calendar__month-view__weekdays {
  text-align: center;
  font-weight: 500;
  font-size: 0.875rem;
  margin-bottom: 0.25rem;
}

.c0 .react-calendar__month-view__weekdays__weekday {
  color: #000000;
  padding: 0.5rem 0.25rem;
}

.c0 .react-calendar__month-view__weekNumbers {
  font-weight: 500;
}

.c0 .react-calendar__month-view__weekNumbers .react-calendar__tile {
  display: flex;
  align-items: center;
  justify-content: center;
  font-size: 0.75em;
  padding: calc(0.75em / 0.75) calc(0.5em / 0.75);
}

.c0 .react-calendar__month-view__days__day {
  color: #000000;
  font-size: 0.875rem;
}

.c0 .react-calendar__month-view__days__day:disabled {
  color: #AFAFAF;
}

.c0 .react-calendar__month-view__days__day--weekend {
  color: #000000;
}

.c0 .react-calendar__month-view__days__day--neighboringMonth {
  color: #AFAFAF;
}

.c0 .react-calendar__tile {
  color: #000000;
  max-width: 100%;
  text-align: center;
  padding: 0.75rem 0.5rem;
  background: none;
  border-radius: 0.25rem;
}

.c0 .react-calendar__tile:disabled {
  color: #AFAFAF;
  background-color: #FFFFFF;
}

.c0 .react-calendar__tile:enabled:hover,
.c0 .react-calendar__tile:enabled:focus {
  background-color: #EEEEEE;
}

.c0 .react-calendar__tile--now {
  background: #EEEEEE;
}

.c0 .react-calendar__tile--now:enabled:hover,
.c0 .react-calendar__tile--now:enabled:focus {
  background: #E2E2E2;
}

.c0 .react-calendar__tile--hasActive {
  background: #276EF1;
  color: #FFFFFF;
}

.c0 .react-calendar__tile--hasActive:enabled:hover,
.c0 .react-calendar__tile--hasActive:enabled:focus {
  background: #276EF1;
}

.c0 .react-calendar__tile--active {
  background: #276EF1;
  color: #FFFFFF;
}

.c0 .react-calendar__tile--active:enabled:hover,
.c0 .react-calendar__tile--active:enabled:focus {
  background: #276EF1;
}

.c0 .react-calendar__tile--range,
.c0 .react-calendar__tile--hover {
  border-radius: 0;
}

.c0 .react-calendar__tile--rangeStart:not(.c0 .react-calendar__tile--rangeBothEnds),
.c0 .react-calendar__tile--hoverStart:not(.c0 .react-calendar__tile--rangeBothEnds) {
  border-top-left-radius: 0.25rem;
  border-bottom-left-radius: 0.25rem;
}

.c0 .react-calendar__tile--rangeEnd:not(.c0 .react-calendar__tile--rangeBothEnds),
.c0 .react-calendar__tile--hoverEnd:not(.c0 .react-calendar__tile--rangeBothEnds) {
  border-top-right-radius: 0.25rem;
  border-bottom-right-radius: 0.25rem;
}

.c0 .react-calendar__tile--rangeBothEnds:not(.c0 .react-calendar__tile--hoverStart):not(.c0 .react-calendar__tile--hoverEnd) {
  border-radius: 0.25rem;
}

.c0 .react-calendar--selectRange .react-calendar__tile--hover,
.c0 .react-calendar--selectRange .react-calendar__tile:enabled:hover {
  background-color: #276EF1;
  color: #FFFFFF;
}

.c0 .react-calendar__year-view .react-calendar__tile,
.c0 .react-calendar__decade-view .react-calendar__tile,
.c0 .react-calendar__century-view .react-calendar__tile {
  padding: 1.25rem 0.5rem;
}

.c1 {
  height: 1.125rem;
  width: 1.125rem;
  flex-shrink: 0;
}

.c2 {
  color: #000000;
  font-size: 1.125rem;
}

<div
    class="c0"
  >
    <div
      class="react-calendar"
    >
      <div
        class="react-calendar__navigation"
      >
        <button
          aria-label=""
          class="react-calendar__navigation__arrow react-calendar__navigation__prev2-button"
          type="button"
        >
          <div
            class="c1"
            data-testid="icon-container"
            size="18"
          >
            <span
              class="c2 material-symbols-sharp"
              data-testid="icon"
              size="18"
            >
              keyboard_double_arrow_left
            </span>
          </div>
        </button>
        <button
          aria-label=""
          class="react-calendar__navigation__arrow react-calendar__navigation__prev-button"
          type="button"
        >
          <div
            class="c1"
            data-testid="icon-container"
            size="18"
          >
            <span
              class="c2 material-symbols-sharp"
              data-testid="icon"
              size="18"
            >
              chevron_left
            </span>
          </div>
        </button>
        <button
          aria-label=""
          class="react-calendar__navigation__label"
          style="flex-grow: 1;"
          type="button"
        >
          <span
            class="react-calendar__navigation__label__labelText react-calendar__navigation__label__labelText--from"
          >
            December 2023
          </span>
        </button>
        <button
          aria-label=""
          class="react-calendar__navigation__arrow react-calendar__navigation__next-button"
          type="button"
        >
          <div
            class="c1"
            data-testid="icon-container"
            size="18"
          >
            <span
              class="c2 material-symbols-sharp"
              data-testid="icon"
              size="18"
            >
              chevron_right
            </span>
          </div>
        </button>
        <button
          aria-label=""
          class="react-calendar__navigation__arrow react-calendar__navigation__next2-button"
          type="button"
        >
          <div
            class="c1"
            data-testid="icon-container"
            size="18"
          >
            <span
              class="c2 material-symbols-sharp"
              data-testid="icon"
              size="18"
            >
              keyboard_double_arrow_right
            </span>
          </div>
        </button>
      </div>
      <div
        class="react-calendar__viewContainer"
      >
        <div
          class="react-calendar__month-view"
        >
          <div
            style="display: flex; align-items: flex-end;"
          >
            <div
              style="flex-grow: 1; width: 100%;"
            >
              <div
                class="react-calendar__month-view__weekdays"
                style="display: flex; flex-wrap: nowrap;"
              >
                <div
                  class="react-calendar__month-view__weekdays__weekday"
                  style="flex-basis: 14.285714285714286%; flex-shrink: 0; flex-grow: 0; overflow: hidden; margin-inline-end: 0;"
                >
                  <abbr
                    aria-label="Monday"
                    title="Monday"
                  >
                    Mon
                  </abbr>
                </div>
                <div
                  class="react-calendar__month-view__weekdays__weekday"
                  style="flex-basis: 14.285714285714286%; flex-shrink: 0; flex-grow: 0; overflow: hidden; margin-inline-end: 0;"
                >
                  <abbr
                    aria-label="Tuesday"
                    title="Tuesday"
                  >
                    Tue
                  </abbr>
                </div>
                <div
                  class="react-calendar__month-view__weekdays__weekday"
                  style="flex-basis: 14.285714285714286%; flex-shrink: 0; flex-grow: 0; overflow: hidden; margin-inline-end: 0;"
                >
                  <abbr
                    aria-label="Wednesday"
                    title="Wednesday"
                  >
                    Wed
                  </abbr>
                </div>
                <div
                  class="react-calendar__month-view__weekdays__weekday"
                  style="flex-basis: 14.285714285714286%; flex-shrink: 0; flex-grow: 0; overflow: hidden; margin-inline-end: 0;"
                >
                  <abbr
                    aria-label="Thursday"
                    title="Thursday"
                  >
                    Thu
                  </abbr>
                </div>
                <div
                  class="react-calendar__month-view__weekdays__weekday react-calendar__month-view__weekdays__weekday--current"
                  style="flex-basis: 14.285714285714286%; flex-shrink: 0; flex-grow: 0; overflow: hidden; margin-inline-end: 0;"
                >
                  <abbr
                    aria-label="Friday"
                    title="Friday"
                  >
                    Fri
                  </abbr>
                </div>
                <div
                  class="react-calendar__month-view__weekdays__weekday react-calendar__month-view__weekdays__weekday--weekend"
                  style="flex-basis: 14.285714285714286%; flex-shrink: 0; flex-grow: 0; overflow: hidden; margin-inline-end: 0;"
                >
                  <abbr
                    aria-label="Saturday"
                    title="Saturday"
                  >
                    Sat
                  </abbr>
                </div>
                <div
                  class="react-calendar__month-view__weekdays__weekday react-calendar__month-view__weekdays__weekday--weekend"
                  style="flex-basis: 14.285714285714286%; flex-shrink: 0; flex-grow: 0; overflow: hidden; margin-inline-end: 0;"
                >
                  <abbr
                    aria-label="Sunday"
                    title="Sunday"
                  >
                    Sun
                  </abbr>
                </div>
              </div>
              <div
                class="react-calendar__month-view__days"
                style="display: flex; flex-wrap: wrap;"
              >
                <button
                  class="react-calendar__tile react-calendar__month-view__days__day react-calendar__month-view__days__day--neighboringMonth"
                  style="flex-basis: 14.285714285714286%; flex-shrink: 0; flex-grow: 0; overflow: hidden; margin-inline-end: 0;"
                  type="button"
                >
                  <abbr
                    aria-label="November 27, 2023"
                  >
                    27
                  </abbr>
                </button>
                <button
                  class="react-calendar__tile react-calendar__month-view__days__day react-calendar__month-view__days__day--neighboringMonth"
                  style="flex-basis: 14.285714285714286%; flex-shrink: 0; flex-grow: 0; overflow: hidden; margin-inline-end: 0;"
                  type="button"
                >
                  <abbr
                    aria-label="November 28, 2023"
                  >
                    28
                  </abbr>
                </button>
                <button
                  class="react-calendar__tile react-calendar__month-view__days__day react-calendar__month-view__days__day--neighboringMonth"
                  style="flex-basis: 14.285714285714286%; flex-shrink: 0; flex-grow: 0; overflow: hidden; margin-inline-end: 0;"
                  type="button"
                >
                  <abbr
                    aria-label="November 29, 2023"
                  >
                    29
                  </abbr>
                </button>
                <button
                  class="react-calendar__tile react-calendar__month-view__days__day react-calendar__month-view__days__day--neighboringMonth"
                  style="flex-basis: 14.285714285714286%; flex-shrink: 0; flex-grow: 0; overflow: hidden; margin-inline-end: 0;"
                  type="button"
                >
                  <abbr
                    aria-label="November 30, 2023"
                  >
                    30
                  </abbr>
                </button>
                <button
                  class="react-calendar__tile react-calendar__month-view__days__day"
                  style="flex-basis: 14.285714285714286%; flex-shrink: 0; flex-grow: 0; overflow: hidden; margin-inline-end: 0;"
                  type="button"
                >
                  <abbr
                    aria-label="December 1, 2023"
                  >
                    1
                  </abbr>
                </button>
                <button
                  class="react-calendar__tile react-calendar__month-view__days__day react-calendar__month-view__days__day--weekend"
                  style="flex-basis: 14.285714285714286%; flex-shrink: 0; flex-grow: 0; overflow: hidden; margin-inline-end: 0;"
                  type="button"
                >
                  <abbr
                    aria-label="December 2, 2023"
                  >
                    2
                  </abbr>
                </button>
                <button
                  class="react-calendar__tile react-calendar__month-view__days__day react-calendar__month-view__days__day--weekend"
                  style="flex-basis: 14.285714285714286%; flex-shrink: 0; flex-grow: 0; overflow: hidden; margin-inline-end: 0;"
                  type="button"
                >
                  <abbr
                    aria-label="December 3, 2023"
                  >
                    3
                  </abbr>
                </button>
                <button
                  class="react-calendar__tile react-calendar__month-view__days__day"
                  style="flex-basis: 14.285714285714286%; flex-shrink: 0; flex-grow: 0; overflow: hidden; margin-inline-end: 0;"
                  type="button"
                >
                  <abbr
                    aria-label="December 4, 2023"
                  >
                    4
                  </abbr>
                </button>
                <button
                  class="react-calendar__tile react-calendar__month-view__days__day"
                  style="flex-basis: 14.285714285714286%; flex-shrink: 0; flex-grow: 0; overflow: hidden; margin-inline-end: 0;"
                  type="button"
                >
                  <abbr
                    aria-label="December 5, 2023"
                  >
                    5
                  </abbr>
                </button>
                <button
                  class="react-calendar__tile react-calendar__month-view__days__day"
                  style="flex-basis: 14.285714285714286%; flex-shrink: 0; flex-grow: 0; overflow: hidden; margin-inline-end: 0;"
                  type="button"
                >
                  <abbr
                    aria-label="December 6, 2023"
                  >
                    6
                  </abbr>
                </button>
                <button
                  class="react-calendar__tile react-calendar__month-view__days__day"
                  style="flex-basis: 14.285714285714286%; flex-shrink: 0; flex-grow: 0; overflow: hidden; margin-inline-end: 0;"
                  type="button"
                >
                  <abbr
                    aria-label="December 7, 2023"
                  >
                    7
                  </abbr>
                </button>
                <button
                  class="react-calendar__tile react-calendar__month-view__days__day"
                  style="flex-basis: 14.285714285714286%; flex-shrink: 0; flex-grow: 0; overflow: hidden; margin-inline-end: 0;"
                  type="button"
                >
                  <abbr
                    aria-label="December 8, 2023"
                  >
                    8
                  </abbr>
                </button>
                <button
                  class="react-calendar__tile react-calendar__month-view__days__day react-calendar__month-view__days__day--weekend"
                  style="flex-basis: 14.285714285714286%; flex-shrink: 0; flex-grow: 0; overflow: hidden; margin-inline-end: 0;"
                  type="button"
                >
                  <abbr
                    aria-label="December 9, 2023"
                  >
                    9
                  </abbr>
                </button>
                <button
                  class="react-calendar__tile react-calendar__month-view__days__day react-calendar__month-view__days__day--weekend"
                  style="flex-basis: 14.285714285714286%; flex-shrink: 0; flex-grow: 0; overflow: hidden; margin-inline-end: 0;"
                  type="button"
                >
                  <abbr
                    aria-label="December 10, 2023"
                  >
                    10
                  </abbr>
                </button>
                <button
                  class="react-calendar__tile react-calendar__month-view__days__day"
                  style="flex-basis: 14.285714285714286%; flex-shrink: 0; flex-grow: 0; overflow: hidden; margin-inline-end: 0;"
                  type="button"
                >
                  <abbr
                    aria-label="December 11, 2023"
                  >
                    11
                  </abbr>
                </button>
                <button
                  class="react-calendar__tile react-calendar__month-view__days__day"
                  style="flex-basis: 14.285714285714286%; flex-shrink: 0; flex-grow: 0; overflow: hidden; margin-inline-end: 0;"
                  type="button"
                >
                  <abbr
                    aria-label="December 12, 2023"
                  >
                    12
                  </abbr>
                </button>
                <button
                  class="react-calendar__tile react-calendar__month-view__days__day"
                  style="flex-basis: 14.285714285714286%; flex-shrink: 0; flex-grow: 0; overflow: hidden; margin-inline-end: 0;"
                  type="button"
                >
                  <abbr
                    aria-label="December 13, 2023"
                  >
                    13
                  </abbr>
                </button>
                <button
                  class="react-calendar__tile react-calendar__month-view__days__day"
                  style="flex-basis: 14.285714285714286%; flex-shrink: 0; flex-grow: 0; overflow: hidden; margin-inline-end: 0;"
                  type="button"
                >
                  <abbr
                    aria-label="December 14, 2023"
                  >
                    14
                  </abbr>
                </button>
                <button
                  class="react-calendar__tile react-calendar__month-view__days__day"
                  style="flex-basis: 14.285714285714286%; flex-shrink: 0; flex-grow: 0; overflow: hidden; margin-inline-end: 0;"
                  type="button"
                >
                  <abbr
                    aria-label="December 15, 2023"
                  >
                    15
                  </abbr>
                </button>
                <button
                  class="react-calendar__tile react-calendar__month-view__days__day react-calendar__month-view__days__day--weekend"
                  style="flex-basis: 14.285714285714286%; flex-shrink: 0; flex-grow: 0; overflow: hidden; margin-inline-end: 0;"
                  type="button"
                >
                  <abbr
                    aria-label="December 16, 2023"
                  >
                    16
                  </abbr>
                </button>
                <button
                  class="react-calendar__tile react-calendar__month-view__days__day react-calendar__month-view__days__day--weekend"
                  style="flex-basis: 14.285714285714286%; flex-shrink: 0; flex-grow: 0; overflow: hidden; margin-inline-end: 0;"
                  type="button"
                >
                  <abbr
                    aria-label="December 17, 2023"
                  >
                    17
                  </abbr>
                </button>
                <button
                  class="react-calendar__tile react-calendar__month-view__days__day"
                  style="flex-basis: 14.285714285714286%; flex-shrink: 0; flex-grow: 0; overflow: hidden; margin-inline-end: 0;"
                  type="button"
                >
                  <abbr
                    aria-label="December 18, 2023"
                  >
                    18
                  </abbr>
                </button>
                <button
                  class="react-calendar__tile react-calendar__month-view__days__day"
                  style="flex-basis: 14.285714285714286%; flex-shrink: 0; flex-grow: 0; overflow: hidden; margin-inline-end: 0;"
                  type="button"
                >
                  <abbr
                    aria-label="December 19, 2023"
                  >
                    19
                  </abbr>
                </button>
                <button
                  class="react-calendar__tile react-calendar__month-view__days__day"
                  style="flex-basis: 14.285714285714286%; flex-shrink: 0; flex-grow: 0; overflow: hidden; margin-inline-end: 0;"
                  type="button"
                >
                  <abbr
                    aria-label="December 20, 2023"
                  >
                    20
                  </abbr>
                </button>
                <button
                  class="react-calendar__tile react-calendar__month-view__days__day"
                  style="flex-basis: 14.285714285714286%; flex-shrink: 0; flex-grow: 0; overflow: hidden; margin-inline-end: 0;"
                  type="button"
                >
                  <abbr
                    aria-label="December 21, 2023"
                  >
                    21
                  </abbr>
                </button>
                <button
                  class="react-calendar__tile react-calendar__month-view__days__day"
                  style="flex-basis: 14.285714285714286%; flex-shrink: 0; flex-grow: 0; overflow: hidden; margin-inline-end: 0;"
                  type="button"
                >
                  <abbr
                    aria-label="December 22, 2023"
                  >
                    22
                  </abbr>
                </button>
                <button
                  class="react-calendar__tile react-calendar__month-view__days__day react-calendar__month-view__days__day--weekend"
                  style="flex-basis: 14.285714285714286%; flex-shrink: 0; flex-grow: 0; overflow: hidden; margin-inline-end: 0;"
                  type="button"
                >
                  <abbr
                    aria-label="December 23, 2023"
                  >
                    23
                  </abbr>
                </button>
                <button
                  class="react-calendar__tile react-calendar__month-view__days__day react-calendar__month-view__days__day--weekend"
                  style="flex-basis: 14.285714285714286%; flex-shrink: 0; flex-grow: 0; overflow: hidden; margin-inline-end: 0;"
                  type="button"
                >
                  <abbr
                    aria-label="December 24, 2023"
                  >
                    24
                  </abbr>
                </button>
                <button
                  class="react-calendar__tile react-calendar__month-view__days__day"
                  style="flex-basis: 14.285714285714286%; flex-shrink: 0; flex-grow: 0; overflow: hidden; margin-inline-end: 0;"
                  type="button"
                >
                  <abbr
                    aria-label="December 25, 2023"
                  >
                    25
                  </abbr>
                </button>
                <button
                  class="react-calendar__tile react-calendar__month-view__days__day"
                  style="flex-basis: 14.285714285714286%; flex-shrink: 0; flex-grow: 0; overflow: hidden; margin-inline-end: 0;"
                  type="button"
                >
                  <abbr
                    aria-label="December 26, 2023"
                  >
                    26
                  </abbr>
                </button>
                <button
                  class="react-calendar__tile react-calendar__month-view__days__day"
                  style="flex-basis: 14.285714285714286%; flex-shrink: 0; flex-grow: 0; overflow: hidden; margin-inline-end: 0;"
                  type="button"
                >
                  <abbr
                    aria-label="December 27, 2023"
                  >
                    27
                  </abbr>
                </button>
                <button
                  class="react-calendar__tile react-calendar__month-view__days__day"
                  style="flex-basis: 14.285714285714286%; flex-shrink: 0; flex-grow: 0; overflow: hidden; margin-inline-end: 0;"
                  type="button"
                >
                  <abbr
                    aria-label="December 28, 2023"
                  >
                    28
                  </abbr>
                </button>
                <button
                  class="react-calendar__tile react-calendar__tile--now react-calendar__month-view__days__day"
                  style="flex-basis: 14.285714285714286%; flex-shrink: 0; flex-grow: 0; overflow: hidden; margin-inline-end: 0;"
                  type="button"
                >
                  <abbr
                    aria-label="December 29, 2023"
                  >
                    29
                  </abbr>
                </button>
                <button
                  class="react-calendar__tile react-calendar__month-view__days__day react-calendar__month-view__days__day--weekend"
                  style="flex-basis: 14.285714285714286%; flex-shrink: 0; flex-grow: 0; overflow: hidden; margin-inline-end: 0;"
                  type="button"
                >
                  <abbr
                    aria-label="December 30, 2023"
                  >
                    30
                  </abbr>
                </button>
                <button
                  class="react-calendar__tile react-calendar__month-view__days__day react-calendar__month-view__days__day--weekend"
                  style="flex-basis: 14.285714285714286%; flex-shrink: 0; flex-grow: 0; overflow: hidden; margin-inline-end: 0;"
                  type="button"
                >
                  <abbr
                    aria-label="December 31, 2023"
                  >
                    31
                  </abbr>
                </button>
              </div>
            </div>
          </div>
        </div>
      </div>
    </div>
  </div>
</DocumentFragment>
`;
