// Jest Snapshot v1, https://goo.gl/fbAQLP

exports[`Loader tests should render Loader correctly 1`] = `<DocumentFragment />`;
