// Jest Snapshot v1, https://goo.gl/fbAQLP

exports[`FlagCard Molecule tests should render FlagCard correctly 1`] = `
<DocumentFragment>
  .c2 {
  font-size: 0.875rem;
  line-height: 1.375rem;
  font-weight: 400;
  font-family: roboto;
  margin-bottom: 0.75rem;
  font-family: 'Roboto',sans-serif;
  word-break: break-all;
  color: #000000;
}

.c7 {
  font-size: 0.875rem;
  line-height: 1.375rem;
  font-weight: 400;
  font-family: roboto;
  margin-top: auto;
  margin-right: auto;
  font-family: 'Roboto',sans-serif;
  word-break: break-all;
  color: #757575;
}

.c1 {
  font-size: 1.125rem;
  line-height: 1.625rem;
  font-weight: 500;
  font-family: roboto;
  margin-bottom: 0.5rem;
  padding-right: 2.5rem;
  font-family: 'Roboto',sans-serif;
  word-break: break-all;
  color: #000000;
  overflow: hidden;
  text-overflow: ellipsis;
  white-space: nowrap;
}

.c10 {
  height: 1.5rem;
  width: 1.5rem;
  flex-shrink: 0;
}

.c11 {
  color: #000000;
  font-size: 1.5rem;
}

.c9 {
  position: absolute;
  top: 14px;
  right: 14px;
  border: none;
  display: flex;
  align-items: center;
  justify-content: center;
  cursor: pointer;
  border-radius: 50%;
  transition: background-color 0.1s ease-in-out,color 0.1s ease-in-out,border-color 0.1s ease-in-out;
  background-color: transparent;
  color: #000000;
  height: 2rem;
  width: 2rem;
}

.c9 .material-symbols-sharp {
  color: inherit;
}

.c9:hover {
  background-color: #EEEEEE;
}

.c9:active {
  background-color: #E2E2E2;
}

.c0 {
  padding: 1.25rem;
  position: relative;
  display: flex;
  flex-direction: column;
  box-shadow: rgba(0, 0, 0, 0.1) 0px 1px 3px 0px,rgba(0, 0, 0, 0.06) 0px 1px 2px 0px;
  background-color: #FFFFFF;
  border-radius: 0.375rem;
  transition: box-shadow 0.2s ease-in-out;
}

.c0:hover {
  box-shadow: rgba(0, 0, 0, 0.1) 0px 10px 15px -3px,rgba(0, 0, 0, 0.05) 0px 4px 6px -2px;
}

.c4 {
  display: flex;
  border-radius: 4px;
  padding: 0.25rem 0.375rem;
  font-size: 0.875rem;
  line-height: 1rem;
  font-weight: 400;
  color: #FFFFFF;
  background-color: #05944F;
}

.c5 {
  display: flex;
  border-radius: 4px;
  padding: 0.25rem 0.375rem;
  font-size: 0.875rem;
  line-height: 1rem;
  font-weight: 400;
  color: #545454;
  background-color: #E2E2E2;
}

.c3 {
  display: flex;
  flex-wrap: wrap;
  margin-bottom: 0.75rem;
  gap: 0.25rem;
}

.c8 {
  height: 0;
}

.c6 {
  display: flex;
  align-items: center;
  margin-top: auto;
}

<div
    class="c0"
    data-testid="flag-card"
    p="1.25rem"
    position="relative"
  >
    <div>
      <h3
        class="c1"
        data-testid="flag-title"
        font-family="roboto"
        mb="0.5rem"
        pr="2.5rem"
      >
        header_size
      </h3>
    </div>
    <p
      class="c2"
      data-testid="flag-description"
      font-family="roboto"
      mb="0.75rem"
    >
      Display new header for only a number of users
    </p>
    <div
      class="c3"
      data-testid="flag-labels"
    >
      <div
        class="c4"
        data-testid="Development-flag-label"
        variant="success"
      >
        Development
      </div>
      <div
        class="c5"
        data-testid="Staging-flag-label"
        variant="default"
      >
        Staging
      </div>
      <div
        class="c5"
        data-testid="Production-flag-label"
        variant="default"
      >
        Production
      </div>
    </div>
    <div
      class="c6"
    >
      <p
        class="c7"
        data-testid="flag-date"
        font-family="roboto"
        mr="auto"
        mt="auto"
      >
        Created 11 jan 2022
      </p>
    </div>
    <div
      class="c8"
    >
      <button
        class="c9"
        iconsize="32px"
        position="absolute"
        right="14px"
        top="14px"
        variant="neutral"
      >
        <div
          class="c10"
          data-testid="icon-container"
          size="24"
        >
          <span
            class="c11 material-symbols-sharp"
            color="#000000"
            data-testid="icon"
            size="24"
          >
            more_horiz
          </span>
        </div>
      </button>
    </div>
  </div>
</DocumentFragment>
`;

exports[`FlagCard Molecule tests should render FlagCard with popup items 1`] = `
<DocumentFragment>
  .c2 {
  font-size: 0.875rem;
  line-height: 1.375rem;
  font-weight: 400;
  font-family: roboto;
  margin-bottom: 0.75rem;
  font-family: 'Roboto',sans-serif;
  word-break: break-all;
  color: #000000;
}

.c7 {
  font-size: 0.875rem;
  line-height: 1.375rem;
  font-weight: 400;
  font-family: roboto;
  margin-top: auto;
  margin-right: auto;
  font-family: 'Roboto',sans-serif;
  word-break: break-all;
  color: #757575;
}

.c1 {
  font-size: 1.125rem;
  line-height: 1.625rem;
  font-weight: 500;
  font-family: roboto;
  margin-bottom: 0.5rem;
  padding-right: 2.5rem;
  font-family: 'Roboto',sans-serif;
  word-break: break-all;
  color: #000000;
  overflow: hidden;
  text-overflow: ellipsis;
  white-space: nowrap;
}

.c10 {
  height: 1.5rem;
  width: 1.5rem;
  flex-shrink: 0;
}

.c11 {
  color: #000000;
  font-size: 1.5rem;
}

.c9 {
  position: absolute;
  top: 14px;
  right: 14px;
  border: none;
  display: flex;
  align-items: center;
  justify-content: center;
  cursor: pointer;
  border-radius: 50%;
  transition: background-color 0.1s ease-in-out,color 0.1s ease-in-out,border-color 0.1s ease-in-out;
  background-color: transparent;
  color: #000000;
  height: 2rem;
  width: 2rem;
}

.c9 .material-symbols-sharp {
  color: inherit;
}

.c9:hover {
  background-color: #EEEEEE;
}

.c9:active {
  background-color: #E2E2E2;
}

.c0 {
  padding: 1.25rem;
  position: relative;
  display: flex;
  flex-direction: column;
  box-shadow: rgba(0, 0, 0, 0.1) 0px 1px 3px 0px,rgba(0, 0, 0, 0.06) 0px 1px 2px 0px;
  background-color: #FFFFFF;
  border-radius: 0.375rem;
  transition: box-shadow 0.2s ease-in-out;
}

.c0:hover {
  box-shadow: rgba(0, 0, 0, 0.1) 0px 10px 15px -3px,rgba(0, 0, 0, 0.05) 0px 4px 6px -2px;
}

.c4 {
  display: flex;
  border-radius: 4px;
  padding: 0.25rem 0.375rem;
  font-size: 0.875rem;
  line-height: 1rem;
  font-weight: 400;
  color: #FFFFFF;
  background-color: #05944F;
}

.c5 {
  display: flex;
  border-radius: 4px;
  padding: 0.25rem 0.375rem;
  font-size: 0.875rem;
  line-height: 1rem;
  font-weight: 400;
  color: #545454;
  background-color: #E2E2E2;
}

.c3 {
  display: flex;
  flex-wrap: wrap;
  margin-bottom: 0.75rem;
  gap: 0.25rem;
}

.c8 {
  height: 0;
}

.c6 {
  display: flex;
  align-items: center;
  margin-top: auto;
}

<div
    class="c0"
    data-testid="flag-card"
    p="1.25rem"
    position="relative"
  >
    <div>
      <h3
        class="c1"
        data-testid="flag-title"
        font-family="roboto"
        mb="0.5rem"
        pr="2.5rem"
      >
        header_size
      </h3>
    </div>
    <p
      class="c2"
      data-testid="flag-description"
      font-family="roboto"
      mb="0.75rem"
    >
      Display new header for only a number of users
    </p>
    <div
      class="c3"
      data-testid="flag-labels"
    >
      <div
        class="c4"
        data-testid="Development-flag-label"
        variant="success"
      >
        Development
      </div>
      <div
        class="c5"
        data-testid="Staging-flag-label"
        variant="default"
      >
        Staging
      </div>
      <div
        class="c5"
        data-testid="Production-flag-label"
        variant="default"
      >
        Production
      </div>
    </div>
    <div
      class="c6"
    >
      <p
        class="c7"
        data-testid="flag-date"
        font-family="roboto"
        mr="auto"
        mt="auto"
      >
        Created 11 jan 2022
      </p>
    </div>
    <div
      class="c8"
    >
      <button
        class="c9"
        iconsize="32px"
        position="absolute"
        right="14px"
        top="14px"
        variant="neutral"
      >
        <div
          class="c10"
          data-testid="icon-container"
          size="24"
        >
          <span
            class="c11 material-symbols-sharp"
            color="#000000"
            data-testid="icon"
            size="24"
          >
            more_horiz
          </span>
        </div>
      </button>
    </div>
  </div>
</DocumentFragment>
`;
