// Jest Snapshot v1, https://goo.gl/fbAQLP

exports[`HistoryCard Molecule tests should render HistoryCard correctly 1`] = `
<DocumentFragment>
  .c5 {
  height: 1.75rem;
  width: 1.75rem;
  border-radius: 50%;
  overflow: hidden;
  -webkit-flex-shrink: 0;
  -ms-flex-negative: 0;
  flex-shrink: 0;
  margin-right: 0.75rem;
  border-radius: 50%;
}

.c6 {
  height: 100%;
  width: 100%;
  object-fit: cover;
}

.c8 {
  font-size: 0.875rem;
  line-height: 1.375rem;
  font-weight: 400;
  font-weight: 500;
  font-family: 'Roboto',sans-serif;
  color: #000000;
}

.c10 {
  font-size: 0.875rem;
  line-height: 1.375rem;
  font-weight: 400;
  font-family: 'Roboto',sans-serif;
  color: #757575;
}

.c3 {
  height: 1.5rem;
  width: 1.5rem;
  -webkit-flex-shrink: 0;
  -ms-flex-negative: 0;
  flex-shrink: 0;
}

.c4 {
  color: #545454;
  font-size: 1.5rem;
}

.c0 {
  display: -webkit-box;
  display: -webkit-flex;
  display: -ms-flexbox;
  display: flex;
  -webkit-flex-direction: column;
  -ms-flex-direction: column;
  flex-direction: column;
  padding-top: 0.75rem;
  padding-bottom: 0.75rem;
}

.c1 {
  display: -webkit-box;
  display: -webkit-flex;
  display: -ms-flexbox;
  display: flex;
  position: relative;
}

.c1::before {
  content: "";
  position: absolute;
  top: 45px;
  left: 19px;
  bottom: -19px;
  width: 2px;
  background-color: #EEEEEE;
}

.c2 {
  display: -webkit-inline-box;
  display: -webkit-inline-flex;
  display: -ms-inline-flexbox;
  display: inline-flex;
  -webkit-flex-shrink: 0;
  -ms-flex-negative: 0;
  flex-shrink: 0;
  height: 40px;
  width: 40px;
  border-radius: 50%;
  -webkit-align-items: center;
  -webkit-box-align: center;
  -ms-flex-align: center;
  align-items: center;
  -webkit-box-pack: center;
  -webkit-justify-content: center;
  -ms-flex-pack: center;
  justify-content: center;
  background-color: #EEEEEE;
  margin-right: 1.25rem;
}

.c7 {
  display: -webkit-box;
  display: -webkit-flex;
  display: -ms-flexbox;
  display: flex;
  -webkit-flex-direction: column;
  -ms-flex-direction: column;
  flex-direction: column;
  margin-top: 3px;
}

.c9 {
  font-weight: 400;
}

<div
    class="c0"
  >
    <div
      class="c1"
      type="toggledOff"
    >
      <div
        class="c2"
      >
        <div
          class="c3"
          data-testid="icon-container"
          size="24"
        >
          <span
            class="c4 material-symbols-sharp"
            color="#545454"
            data-testid="icon"
            size="24"
          >
            toggle_off
          </span>
        </div>
      </div>
      <div
        class="c5"
        data-testid="avatar"
        size="28"
      >
        <img
          alt="Joana Lopes profile picture"
          class="c6"
          src="https://avatars.dicebear.com/api/initials/Joana Lopes.svg?size=28&fontSize=40"
        />
      </div>
      <div
        class="c7"
      >
        <p
          class="c8"
          font-weight="500"
        >
          Joana Lopes 
          <span
            class="c9"
          >
            toggled off
          </span>
           
          <span
            class=""
            type="toggledOff"
          >
            user_image
          </span>
        </p>
        <p
          class="c10"
        >
          1 hour ago - Development
        </p>
      </div>
    </div>
  </div>
</DocumentFragment>
`;
