// Jest Snapshot v1, https://goo.gl/fbAQLP

exports[`IconBox tests should render IconBox blue 1`] = `
<DocumentFragment>
  .c2 {
  height: 1.5rem;
  width: 1.5rem;
  flex-shrink: 0;
}

.c3 {
  color: #757575;
  font-size: 1.5rem;
}

.c0 {
  position: relative;
  height: 3rem;
  width: 3rem;
  border-radius: 0.5rem;
  display: flex;
  align-items: center;
  justify-content: center;
  background: linear-gradient(220deg,          #F6F6F6 0%,          #CBCBCB 30%,          #AFAFAF 70%,          #F6F6F6 100%);
}

.c0::before {
  content: "";
  position: absolute;
  inset: 1px;
  background: #FFFFFF;
  border-radius: 0.4375rem;
  z-index: 0;
}

.c1 {
  position: relative;
  display: inline-flex;
  z-index: 1;
}

<div
    class="c0 icon-box"
    variant="outlined"
  >
    <div
      class="c1"
    >
      <div
        class="c2"
        data-testid="icon-container"
      >
        <span
          class="c3 material-symbols-rounded"
          data-testid="icon"
        >
          help
        </span>
      </div>
    </div>
  </div>
</DocumentFragment>
`;

exports[`IconBox tests should render IconBox gray 1`] = `
<DocumentFragment>
  .c2 {
  height: 1.5rem;
  width: 1.5rem;
  flex-shrink: 0;
}

.c3 {
  color: #757575;
  font-size: 1.5rem;
}

.c0 {
  position: relative;
  height: 3rem;
  width: 3rem;
  border-radius: 0.5rem;
  display: flex;
  align-items: center;
  justify-content: center;
  background: linear-gradient(220deg,          #F6F6F6 0%,          #CBCBCB 30%,          #AFAFAF 70%,          #F6F6F6 100%);
}

.c0::before {
  content: "";
  position: absolute;
  inset: 1px;
  background: #FFFFFF;
  border-radius: 0.4375rem;
  z-index: 0;
}

.c1 {
  position: relative;
  display: inline-flex;
  z-index: 1;
}

<div
    class="c0 icon-box"
    variant="outlined"
  >
    <div
      class="c1"
    >
      <div
        class="c2"
        data-testid="icon-container"
      >
        <span
          class="c3 material-symbols-rounded"
          data-testid="icon"
        >
          help
        </span>
      </div>
    </div>
  </div>
</DocumentFragment>
`;

exports[`IconBox tests should render IconBox green 1`] = `
<DocumentFragment>
  .c2 {
  height: 1.5rem;
  width: 1.5rem;
  flex-shrink: 0;
}

.c3 {
  color: #757575;
  font-size: 1.5rem;
}

.c0 {
  position: relative;
  height: 3rem;
  width: 3rem;
  border-radius: 0.5rem;
  display: flex;
  align-items: center;
  justify-content: center;
  background: linear-gradient(220deg,          #F6F6F6 0%,          #CBCBCB 30%,          #AFAFAF 70%,          #F6F6F6 100%);
}

.c0::before {
  content: "";
  position: absolute;
  inset: 1px;
  background: #FFFFFF;
  border-radius: 0.4375rem;
  z-index: 0;
}

.c1 {
  position: relative;
  display: inline-flex;
  z-index: 1;
}

<div
    class="c0 icon-box"
    variant="outlined"
  >
    <div
      class="c1"
    >
      <div
        class="c2"
        data-testid="icon-container"
      >
        <span
          class="c3 material-symbols-rounded"
          data-testid="icon"
        >
          help
        </span>
      </div>
    </div>
  </div>
</DocumentFragment>
`;

exports[`IconBox tests should render IconBox outlined 1`] = `
<DocumentFragment>
  .c2 {
  height: 1.5rem;
  width: 1.5rem;
  flex-shrink: 0;
}

.c3 {
  color: #757575;
  font-size: 1.5rem;
}

.c0 {
  position: relative;
  height: 3rem;
  width: 3rem;
  border-radius: 0.5rem;
  display: flex;
  align-items: center;
  justify-content: center;
  background: linear-gradient(220deg,          #F6F6F6 0%,          #CBCBCB 30%,          #AFAFAF 70%,          #F6F6F6 100%);
}

.c0::before {
  content: "";
  position: absolute;
  inset: 1px;
  background: #FFFFFF;
  border-radius: 0.4375rem;
  z-index: 0;
}

.c1 {
  position: relative;
  display: inline-flex;
  z-index: 1;
}

<div
    class="c0 icon-box"
    variant="outlined"
  >
    <div
      class="c1"
    >
      <div
        class="c2"
        data-testid="icon-container"
      >
        <span
          class="c3 material-symbols-rounded"
          data-testid="icon"
        >
          help
        </span>
      </div>
    </div>
  </div>
</DocumentFragment>
`;

exports[`IconBox tests should render IconBox purple 1`] = `
<DocumentFragment>
  .c2 {
  height: 1.5rem;
  width: 1.5rem;
  flex-shrink: 0;
}

.c3 {
  color: #757575;
  font-size: 1.5rem;
}

.c0 {
  position: relative;
  height: 3rem;
  width: 3rem;
  border-radius: 0.5rem;
  display: flex;
  align-items: center;
  justify-content: center;
  background: linear-gradient(220deg,          #F6F6F6 0%,          #CBCBCB 30%,          #AFAFAF 70%,          #F6F6F6 100%);
}

.c0::before {
  content: "";
  position: absolute;
  inset: 1px;
  background: #FFFFFF;
  border-radius: 0.4375rem;
  z-index: 0;
}

.c1 {
  position: relative;
  display: inline-flex;
  z-index: 1;
}

<div
    class="c0 icon-box"
    variant="outlined"
  >
    <div
      class="c1"
    >
      <div
        class="c2"
        data-testid="icon-container"
      >
        <span
          class="c3 material-symbols-rounded"
          data-testid="icon"
        >
          help
        </span>
      </div>
    </div>
  </div>
</DocumentFragment>
`;
