// Jest Snapshot v1, https://goo.gl/fbAQLP

exports[`Icon tests render Icon correctly 1`] = `
<DocumentFragment>
  .c0 {
  height: 1.5rem;
  width: 1.5rem;
  flex-shrink: 0;
}

.c1 {
  color: #000000;
  font-size: 1.5rem;
}

<div
    class="c0"
    data-testid="icon-container"
    size="24"
  >
    <span
      class="c1 material-symbols-sharp"
      data-testid="icon"
      size="24"
    >
      help
    </span>
  </div>
</DocumentFragment>
`;
