// Jest Snapshot v1, https://goo.gl/fbAQLP

exports[`Portal Component Portal renders correctly 1`] = `
<div
  id="portal"
>
  Portal Content
</div>
`;
