// Jest Snapshot v1, https://goo.gl/fbAQLP

exports[`Text Atom tests should render text correctly 1`] = `
<DocumentFragment>
  .c0 {
  font-size: 0.875rem;
  line-height: 1.375rem;
  font-weight: 400;
  font-family: roboto;
  font-family: 'Roboto',sans-serif;
  color: #000000;
}

<p
    class="c0"
    font-family="roboto"
  >
    Text
  </p>
</DocumentFragment>
`;
