// Jest Snapshot v1, https://jestjs.io/docs/snapshot-testing

exports[`Empty tests should render Empty correctly 1`] = `
<DocumentFragment>
  .c3 {
  height: 1.5rem;
  width: 1.5rem;
  flex-shrink: 0;
}

.c4 {
  color: #757575;
  font-size: 1.5rem;
}

.c7 {
  height: 2.25rem;
  padding: 0 0.75rem;
  font-size: 0.875rem;
  position: relative;
  border: none;
  display: flex;
  align-items: center;
  font-weight: 500;
  cursor: pointer;
  border-radius: 4px;
  text-decoration: none;
  transition: background-color 0.1s ease-in-out,color 0.1s ease-in-out,border-color 0.1s ease-in-out;
  background-color: #276EF1;
  color: #FFFFFF;
  width: normal;
  height: normal;
  margin-top: 1.25rem;
  width: fit-content;
}

.c7:hover:not(:active, :disabled) {
  background-color: #0e55d7;
}

.c7 .material-symbols-sharp,
.c7 .material-symbols-rounded {
  color: inherit;
}

.c7:disabled {
  cursor: default;
  opacity: 0.6;
}

.c1 {
  margin-bottom: 1.25rem;
  position: relative;
  height: 3rem;
  width: 3rem;
  border-radius: 0.5rem;
  display: flex;
  align-items: center;
  justify-content: center;
  background: linear-gradient(220deg,          #F6F6F6 0%,          #CBCBCB 30%,          #AFAFAF 70%,          #F6F6F6 100%);
}

.c1::before {
  content: "";
  position: absolute;
  inset: 1px;
  background: #EEEEEE;
  border-radius: 0.4375rem;
  z-index: 0;
}

.c2 {
  position: relative;
  display: inline-flex;
  z-index: 1;
}

.c6 {
  font-size: 0.875rem;
  line-height: 1.375rem;
  font-weight: 400;
  font-family: 'Roboto',sans-serif;
  word-break: break-word;
  color: #757575;
  font-family: roboto;
  text-align: center;
}

.c5 {
  font-size: 1.125rem;
  line-height: 1.625rem;
  font-weight: 500;
  font-family: 'Roboto',sans-serif;
  word-break: break-word;
  color: #000000;
  font-family: roboto;
  text-align: center;
  margin-bottom: 0.25rem;
}

.c0 {
  display: flex;
  flex-direction: column;
  background-color: #EEEEEE;
  border-radius: 0.375rem;
  padding: 3.125rem 1.25rem;
  border-radius: 0.375rem;
  justify-content: center;
  align-items: center;
}

<div
    class="c0"
  >
    <div
      class="c1 icon-box"
      mb="1.25rem"
      variant="outlined"
    >
      <div
        class="c2"
      >
        <div
          class="c3"
          data-testid="icon-container"
        >
          <span
            class="c4 material-symbols-rounded"
            data-testid="icon"
          >
            info
          </span>
        </div>
      </div>
    </div>
    <h3
      class="c5"
      font-family="roboto"
      mb="0.25rem"
    >
      title
    </h3>
    <p
      class="c6"
      font-family="roboto"
    >
      description
    </p>
    <button
      class="c7"
      data-testid="button"
      mt="1.25rem"
      variant="primary"
    >
      <span
        class=""
      >
        button
      </span>
    </button>
  </div>
</DocumentFragment>
`;
